
Discarded input sections

 .group         0x0000000000000000        0x8 binaries/ascdate.o
 .group         0x0000000000000000        0x8 binaries/bufinit.o
 .group         0x0000000000000000        0x8 binaries/chprio.o
 .group         0x0000000000000000        0x8 binaries/clkhandler.o
 .text.__x86.get_pc_thunk.bx
                0x0000000000000000        0x4 binaries/clkhandler.o
 .group         0x0000000000000000        0x8 binaries/clkinit.o
 .text.__x86.get_pc_thunk.bx
                0x0000000000000000        0x4 binaries/clkinit.o
 .group         0x0000000000000000        0x8 binaries/close.o
 .text.__x86.get_pc_thunk.bx
                0x0000000000000000        0x4 binaries/close.o
 .group         0x0000000000000000        0x8 binaries/control.o
 .text.__x86.get_pc_thunk.bx
                0x0000000000000000        0x4 binaries/control.o
 .group         0x0000000000000000        0x8 binaries/create.o
 .group         0x0000000000000000        0x8 binaries/create.o
 .text.__x86.get_pc_thunk.cx
                0x0000000000000000        0x4 binaries/create.o
 .text.__x86.get_pc_thunk.bx
                0x0000000000000000        0x4 binaries/create.o
 .group         0x0000000000000000        0x8 binaries/early_imr.o
 .group         0x0000000000000000        0x8 binaries/early_imr.o
 .text.__x86.get_pc_thunk.ax
                0x0000000000000000        0x4 binaries/early_imr.o
 .text.__x86.get_pc_thunk.bx
                0x0000000000000000        0x4 binaries/early_imr.o
 .group         0x0000000000000000        0x8 binaries/evec.o
 .group         0x0000000000000000        0x8 binaries/evec.o
 .text.__x86.get_pc_thunk.ax
                0x0000000000000000        0x4 binaries/evec.o
 .text.__x86.get_pc_thunk.bx
                0x0000000000000000        0x4 binaries/evec.o
 .group         0x0000000000000000        0x8 binaries/exit.o
 .text.__x86.get_pc_thunk.bx
                0x0000000000000000        0x4 binaries/exit.o
 .group         0x0000000000000000        0x8 binaries/freebuf.o
 .text.__x86.get_pc_thunk.bx
                0x0000000000000000        0x4 binaries/freebuf.o
 .group         0x0000000000000000        0x8 binaries/freemem.o
 .text.__x86.get_pc_thunk.bx
                0x0000000000000000        0x4 binaries/freemem.o
 .group         0x0000000000000000        0x8 binaries/fscs.o
 .group         0x0000000000000000        0x8 binaries/fscs.o
 .text.__x86.get_pc_thunk.ax
                0x0000000000000000        0x4 binaries/fscs.o
 .text.__x86.get_pc_thunk.bx
                0x0000000000000000        0x4 binaries/fscs.o
 .group         0x0000000000000000        0x8 binaries/fsdirlock.o
 .text.__x86.get_pc_thunk.ax
                0x0000000000000000        0x4 binaries/fsdirlock.o
 .group         0x0000000000000000        0x8 binaries/fsmetrics.o
 .group         0x0000000000000000        0x8 binaries/fsmetrics.o
 .text.__x86.get_pc_thunk.ax
                0x0000000000000000        0x4 binaries/fsmetrics.o
 .text.__x86.get_pc_thunk.bx
                0x0000000000000000        0x4 binaries/fsmetrics.o
 .group         0x0000000000000000        0x8 binaries/fsworker.o
 .group         0x0000000000000000        0x8 binaries/fsworker.o
 .text.__x86.get_pc_thunk.ax
                0x0000000000000000        0x4 binaries/fsworker.o
 .text.__x86.get_pc_thunk.bx
                0x0000000000000000        0x4 binaries/fsworker.o
 .group         0x0000000000000000        0x8 binaries/getbuf.o
 .text.__x86.get_pc_thunk.bx
                0x0000000000000000        0x4 binaries/getbuf.o
 .group         0x0000000000000000        0x8 binaries/getc.o
 .text.__x86.get_pc_thunk.bx
                0x0000000000000000        0x4 binaries/getc.o
 .group         0x0000000000000000        0x8 binaries/getdev.o
 .text.__x86.get_pc_thunk.bx
                0x0000000000000000        0x4 binaries/getdev.o
 .group         0x0000000000000000        0x8 binaries/getitem.o
 .group         0x0000000000000000        0x8 binaries/getitem.o
 .text.__x86.get_pc_thunk.ax
                0x0000000000000000        0x4 binaries/getitem.o
 .group         0x0000000000000000        0x8 binaries/getmem.o
 .text.__x86.get_pc_thunk.bx
                0x0000000000000000        0x4 binaries/getmem.o
 .group         0x0000000000000000        0x8 binaries/getpid.o
 .text.__x86.get_pc_thunk.ax
                0x0000000000000000        0x4 binaries/getpid.o
 .group         0x0000000000000000        0x8 binaries/getprio.o
 .text.__x86.get_pc_thunk.bx
                0x0000000000000000        0x4 binaries/getprio.o
 .group         0x0000000000000000        0x8 binaries/getstk.o
 .text.__x86.get_pc_thunk.bx
                0x0000000000000000        0x4 binaries/getstk.o
 .group         0x0000000000000000        0x8 binaries/gettime.o
 .text.__x86.get_pc_thunk.ax
                0x0000000000000000        0x4 binaries/gettime.o
 .group         0x0000000000000000        0x8 binaries/getutime.o
 .text.__x86.get_pc_thunk.bx
[...]
Memory Configuration

Name             Origin             Length             Attributes
*default*        0x0000000000000000 0xffffffffffffffff

Linker script and memory map

                0x0000000000100000                physbase = 0x100000
                0x0000000000100000                . = physbase
                0x0000000000100000                . = ALIGN (0x1000)

.text           0x0000000000100000    0x2b000
                0x0000000000100000                text = ABSOLUTE (.)
 *(.text .text.*)
 .text          0x0000000000100000      0x1a8 binaries/start.o
                0x0000000000100024                start
                0x00000000001000f6                inb
                0x00000000001000fe                inw
                0x0000000000100107                inl
                0x000000000010010f                outb
                0x0000000000100119                outw
                0x0000000000100124                outl
                0x000000000010012e                _rtcin
                0x0000000000100139                ___udivsi3
                0x0000000000100144                ___divsi3
                0x0000000000100150                sbzero
                0x0000000000100160                bcopy
                0x0000000000100174                insw
                0x000000000010018a                outsw
                0x00000000001001a0                lidt
 .text          0x00000000001001a8      0x406 binaries/ascdate.o
                0x00000000001001a8                ascdate
 .text.__x86.get_pc_thunk.cx
                0x00000000001005ae        0x4 binaries/ascdate.o
                0x00000000001005ae                __x86.get_pc_thunk.cx
 .text          0x00000000001005b2       0x1e binaries/bufinit.o
                0x00000000001005b2                bufinit
 .text.__x86.get_pc_thunk.ax
                0x00000000001005d0        0x4 binaries/bufinit.o
                0x00000000001005d0                __x86.get_pc_thunk.ax
 .text          0x00000000001005d4       0xa4 binaries/chprio.o
                0x00000000001005d4                chprio
 .text.__x86.get_pc_thunk.bx
                0x0000000000100678        0x4 binaries/chprio.o
                0x0000000000100678                __x86.get_pc_thunk.bx
 .text          0x000000000010067c       0xd7 binaries/clkhandler.o
                0x000000000010067c                clkhandler
 .text          0x0000000000100753       0x91 binaries/clkinit.o
                0x0000000000100753                clkinit
 .text          0x00000000001007e4       0x88 binaries/close.o
                0x00000000001007e4                close
 .text          0x000000000010086c        0x0 binaries/conf.o
 .text          0x000000000010086c       0x8e binaries/control.o
                0x000000000010086c                control
 .text          0x00000000001008fa      0x3a7 binaries/create.o
                0x00000000001008fa                create
 .text          0x0000000000100ca1      0x31e binaries/early_imr.o
                0x0000000000100ca1                intel_cln_early_sb_read_reg
                0x0000000000100d34                intel_cln_early_sb_write_reg
                0x0000000000100f1f                remove_irm_protections
 .text          0x0000000000100fbf      0x4bd binaries/evec.o
                0x0000000000100fbf                initevec
                0x00000000001010ce                set_evec
                0x0000000000101188                setirmask
                0x00000000001011f5                trap
 .text          0x000000000010147c       0x2b binaries/exit.o
                0x000000000010147c                exit
 .text          0x00000000001014a7       0xa3 binaries/freebuf.o
                0x00000000001014a7                freebuf
 .text          0x000000000010154a      0x1fd binaries/freemem.o
                0x000000000010154a                freemem
 .text          0x0000000000101747      0x1b5 binaries/fscs.o
                0x00000000001017ad                fs_cs_enter
                0x00000000001017ff                fs_cs_exit
                0x0000000000101884                fs_cs_snapshot
 .text          0x00000000001018fc       0x30 binaries/fsdirlock.o
                0x00000000001018fc                fs_dirlock_init
                0x000000000010190c                fs_dirlock_acquire
                0x000000000010191c                fs_dirlock_release
 .text          0x000000000010192c      0x26f binaries/fsmetrics.o
                0x0000000000101973                fsmetrics_reset
                0x00000000001019cb                fsmetrics_record
                0x0000000000101a95                fsmetrics_dump
 .text          0x0000000000101b9b      0x3ed binaries/fsworker.o
                0x0000000000101c3b                fs_worker
                0x0000000000101ee5                fs_run_experiment
 .text          0x0000000000101f88       0xa1 binaries/getbuf.o
                0x0000000000101f88                getbuf
 .text          0x0000000000102029       0x88 binaries/getc.o
                0x0000000000102029                getc
 .text          0x00000000001020b1       0x88 binaries/getdev.o
                0x00000000001020b1                getdev
 .text          0x0000000000102139      0x115 binaries/getitem.o
                0x0000000000102139                getfirst
                0x0000000000102191                getlast
                0x00000000001021eb                getitem
 .text.__x86.get_pc_thunk.dx
                0x000000000010224e        0x4 binaries/getitem.o
                0x000000000010224e                __x86.get_pc_thunk.dx
 .text          0x0000000000102252      0x134 binaries/getmem.o
                0x0000000000102252                getmem
 .text          0x0000000000102386       0x17 binaries/getpid.o
                0x0000000000102386                getpid
 .text          0x000000000010239d       0x8e binaries/getprio.o
                0x000000000010239d                getprio
 .text          0x000000000010242b      0x11b binaries/getstk.o
                0x000000000010242b                getstk
 .text          0x0000000000102546       0x4c binaries/gettime.o
                0x0000000000102546                gettime
 .text          0x0000000000102592      0x34f binaries/getutime.o
                0x0000000000102592                getutime
 .text          0x00000000001028e1       0x88 binaries/init.o
                0x00000000001028e1                init
 .text          0x0000000000102969      0x36d binaries/initialize.o
                0x0000000000102969                nulluser
                0x0000000000102c63                stop
                0x0000000000102c9e                delay
 .text          0x0000000000102cd6      0x105 binaries/insert.o
                0x0000000000102cd6                insert
 .text          0x0000000000102ddb      0x13e binaries/insertd.o
                0x0000000000102ddb                insertd
 .text          0x0000000000102f19       0x14 binaries/ioerr.o
                0x0000000000102f19                ioerr
 .text          0x0000000000102f2d       0x14 binaries/ionull.o
                0x0000000000102f2d                ionull
 .text          0x0000000000102f41      0x1ca binaries/kill.o
                0x0000000000102f41                kill
 .text          0x000000000010310b      0x120 binaries/kprintf.o
                0x000000000010310b                kputc
                0x0000000000103180                kgetc
                0x00000000001031ed                kprintf
 .text          0x000000000010322b      0x16b binaries/main.o
                0x000000000010327d                main
 .text          0x0000000000103396       0xde binaries/mark.o
                0x0000000000103396                markinit
                0x00000000001033cd                mark
 .text          0x0000000000103474      0x331 binaries/meminit.o
                0x0000000000103474                meminit
                0x00000000001036bd                setsegs
 .text          0x00000000001037a5      0x179 binaries/mkbufpool.o
                0x00000000001037a5                mkbufpool
 .text          0x000000000010391e       0x5e binaries/netup.o
                0x000000000010391e                netup
 .text          0x000000000010397c       0xbb binaries/newqueue.o
                0x000000000010397c                newqueue
 .text          0x0000000000103a37       0x8e binaries/open.o
                0x0000000000103a37                open
 .text          0x0000000000103ac5       0x2e binaries/panic.o
                0x0000000000103ac5                panic
 .text          0x0000000000103af3      0x4bb binaries/pci.o
                0x0000000000103af3                pci_init
                0x0000000000103bbd                find_pci_device
                0x0000000000103cb0                pci_read_config_byte
                0x0000000000103d1a                pci_read_config_word
                0x0000000000103d86                pci_read_config_dword
                0x0000000000103df0                pci_write_config_byte
                0x0000000000103e5e                pci_write_config_word
                0x0000000000103ece                pci_write_config_dword
                0x0000000000103f36                pci_get_dev_mmio_base_addr
 .text          0x0000000000103fae       0xd7 binaries/platinit.o
                0x0000000000103fae                console_init
                0x000000000010400d                platinit
 .text          0x0000000000104085      0x107 binaries/ptclear.o
                0x0000000000104085                _ptclear
 .text          0x000000000010418c       0xb1 binaries/ptcount.o
                0x000000000010418c                ptcount
 .text          0x000000000010423d      0x136 binaries/ptcreate.o
                0x000000000010423d                ptcreate
 .text          0x0000000000104373       0x96 binaries/ptdelete.o
                0x0000000000104373                ptdelete
 .text          0x0000000000104409       0xd9 binaries/ptinit.o
                0x0000000000104409                ptinit
 .text          0x00000000001044e2      0x137 binaries/ptrecv.o
                0x00000000001044e2                ptrecv
 .text          0x0000000000104619       0x8b binaries/ptreset.o
                0x0000000000104619                ptreset
 .text          0x00000000001046a4      0x15c binaries/ptsend.o
                0x00000000001046a4                ptsend
 .text          0x0000000000104800       0x93 binaries/putc.o
                0x0000000000104800                putc
 .text          0x0000000000104893       0xdd binaries/quark_irq.o
                0x0000000000104893                quark_irq_routing
 .text          0x0000000000104970      0x213 binaries/quark_pdat.o
                0x0000000000104970                get_quark_pdat_entry_data_by_id
                0x0000000000104a74                get_quark_pdat_entry_data_by_desc
 .text          0x0000000000104b83      0x130 binaries/queue.o
                0x0000000000104b83                enqueue
                0x0000000000104c35                dequeue
 .text          0x0000000000104cb3       0x8e binaries/read.o
                0x0000000000104cb3                read
 .text          0x0000000000104d41       0x8a binaries/ready.o
                0x0000000000104d41                ready
 .text          0x0000000000104dcb       0x76 binaries/receive.o
                0x0000000000104dcb                receive
 .text          0x0000000000104e41       0x72 binaries/recvclr.o
                0x0000000000104e41                recvclr
 .text          0x0000000000104eb3       0xd7 binaries/recvtime.o
                0x0000000000104eb3                recvtime
 .text          0x0000000000104f8a       0x76 binaries/remove.o
                0x0000000000104f8a                remove
 .text          0x0000000000105000       0xd4 binaries/rename.o
                0x0000000000105000                rename
 .text          0x00000000001050d4      0x1b0 binaries/resched.o
                0x00000000001050d4                resched
                0x00000000001051fe                resched_cntl
 .text          0x0000000000105284       0xc1 binaries/resume.o
                0x0000000000105284                resume
 .text          0x0000000000105345       0x8c binaries/seek.o
                0x0000000000105345                seek
 .text          0x00000000001053d1       0x89 binaries/semcount.o
                0x00000000001053d1                semcount
 .text          0x000000000010545a      0x102 binaries/semcreate.o
                0x000000000010545a                semcreate
 .text          0x000000000010555c       0xe1 binaries/semdelete.o
                0x000000000010555c                semdelete
 .text          0x000000000010563d       0xe5 binaries/semreset.o
                0x000000000010563d                semreset
 .text          0x0000000000105722       0xfd binaries/send.o
                0x0000000000105722                send
 .text          0x000000000010581f       0xcf binaries/showmema.o
                0x000000000010581f                showmema
 .text          0x00000000001058ee       0xbc binaries/signal.o
                0x00000000001058ee                signal
 .text          0x00000000001059aa       0xea binaries/signaln.o
                0x00000000001059aa                signaln
 .text          0x0000000000105a94      0x10b binaries/sleep.o
                0x0000000000105a94                sleep
                0x0000000000105ae8                sleepms
 .text          0x0000000000105b9f       0x14 binaries/ssignal.o
                0x0000000000105b9f                ssignal
 .text          0x0000000000105bb3      0x1ce binaries/stacktrace.o
                0x0000000000105bb3                stacktrace
 .text          0x0000000000105d81       0xf7 binaries/suspend.o
                0x0000000000105d81                suspend
 .text          0x0000000000105e78       0x14 binaries/swait.o
                0x0000000000105e78                swait
 .text          0x0000000000105e8c      0x102 binaries/unsleep.o
                0x0000000000105e8c                unsleep
 .text          0x0000000000105f8e       0x2b binaries/userret.o
                0x0000000000105f8e                userret
 .text          0x0000000000105fb9       0xf7 binaries/wait.o
                0x0000000000105fb9                wait
 .text          0x00000000001060b0       0x9a binaries/wakeup.o
                0x00000000001060b0                wakeup
 .text          0x000000000010614a       0x8e binaries/write.o
                0x000000000010614a                write
 .text          0x00000000001061d8       0x31 binaries/xdone.o
                0x00000000001061d8                xdone
 .text          0x0000000000106209       0x39 binaries/yield.o
                0x0000000000106209                yield
 .text          0x0000000000106242       0x1b binaries/abs.o
                0x0000000000106242                abs
 .text          0x000000000010625d       0xa1 binaries/atoi.o
                0x000000000010625d                atoi
 .text          0x00000000001062fe       0xa1 binaries/atol.o
                0x00000000001062fe                atol
 .text          0x000000000010639f       0x3e binaries/bzero.o
                0x000000000010639f                bzero
 .text          0x00000000001063dd        0x0 binaries/ctype_.o
 .text          0x00000000001063dd      0x84d binaries/doprnt.o
                0x00000000001063dd                _doprnt
 .text          0x0000000000106c2a      0x707 binaries/doscan.o
                0x0000000000106c2a                _doscan
 .text.__x86.get_pc_thunk.di
                0x0000000000107331        0x4 binaries/doscan.o
                0x0000000000107331                __x86.get_pc_thunk.di
 .text          0x0000000000107335      0x777 binaries/fdoprnt.o
                0x0000000000107335                _fdoprnt
 .text          0x0000000000107aac       0x3b binaries/fgetc.o
                0x0000000000107aac                fgetc
 .text          0x0000000000107ae7       0x86 binaries/fgets.o
                0x0000000000107ae7                fgets
 .text          0x0000000000107b6d       0xb5 binaries/fprintf.o
                0x0000000000107b6d                fprintf
 .text          0x0000000000107c22       0x3e binaries/fputc.o
                0x0000000000107c22                fputc
 .text          0x0000000000107c60       0x54 binaries/fputs.o
                0x0000000000107c60                fputs
 .text          0x0000000000107cb4       0xbc binaries/fscanf.o
                0x0000000000107cb4                fscanf
 .text          0x0000000000107d70       0x48 binaries/getchar.o
                0x0000000000107d70                getchar
 .text          0x0000000000107db8       0x65 binaries/isatty.o
                0x0000000000107db8                isatty
 .text          0x0000000000107e1d       0x1b binaries/labs.o
                0x0000000000107e1d                labs
 .text          0x0000000000107e38       0x46 binaries/memchr.o
                0x0000000000107e38                memchr
 .text          0x0000000000107e7e       0x5c binaries/memcmp.o
                0x0000000000107e7e                memcmp
 .text          0x0000000000107eda       0x49 binaries/memcpy.o
                0x0000000000107eda                memcpy
 .text          0x0000000000107f23       0x3e binaries/memset.o
                0x0000000000107f23                memset
 .text          0x0000000000107f61       0xd7 binaries/printf.o
                0x0000000000107f61                printf
 .text          0x0000000000108038       0x4b binaries/putchar.o
                0x0000000000108038                putchar
 .text          0x0000000000108083      0x27a binaries/qsort.o
                0x0000000000108083                qsort
 .text          0x00000000001082fd       0x4e binaries/rand.o
                0x00000000001082fd                srand
                0x0000000000108316                rand
 .text          0x000000000010834b       0x86 binaries/sprintf.o
                0x000000000010834b                sprintf
 .text          0x00000000001083d1       0x9a binaries/sscanf.o
                0x00000000001083d1                sscanf
 .text          0x000000000010846b       0x4d binaries/strcat.o
                0x000000000010846b                strcat
 .text          0x00000000001084b8       0x46 binaries/strchr.o
                0x00000000001084b8                strchr
 .text          0x00000000001084fe       0x4f binaries/strcmp.o
                0x00000000001084fe                strcmp
 .text          0x000000000010854d       0x3a binaries/strcpy.o
                0x000000000010854d                strcpy
 .text          0x0000000000108587       0x31 binaries/strlen.o
                0x0000000000108587                strlen
 .text          0x00000000001085b8       0x62 binaries/strncat.o
                0x00000000001085b8                strncat
 .text          0x000000000010861a       0x68 binaries/strncmp.o
                0x000000000010861a                strncmp
 .text          0x0000000000108682       0x59 binaries/strncpy.o
                0x0000000000108682                strncpy
 .text          0x00000000001086db       0x3a binaries/strnlen.o
                0x00000000001086db                strnlen
 .text          0x0000000000108715       0x54 binaries/strpbrk.o
                0x0000000000108715                strpbrk
 .text          0x0000000000108769       0x51 binaries/strrchr.o
                0x0000000000108769                strrchr
 .text          0x00000000001087ba       0x59 binaries/strspn.o
                0x00000000001087ba                strspn
 .text          0x0000000000108813       0x7a binaries/strstr.o
                0x0000000000108813                strstr
 .text          0x000000000010888d       0xa8 binaries/strtok.o
                0x000000000010888d                strtok
 .text          0x0000000000108935       0xcf binaries/strtol.o
                0x0000000000108935                strtol
 .text          0x0000000000108a04       0x8f binaries/strtoul.o
                0x0000000000108a04                strtoul
 .text          0x0000000000108a93       0x26 binaries/tolower.o
                0x0000000000108a93                tolower
 .text          0x0000000000108ab9       0x26 binaries/toupper.o
                0x0000000000108ab9                toupper
 .text          0x0000000000108adf      0x22e binaries/xstoul.o
                0x0000000000108adf                _Stoul
 .text          0x0000000000108d0d       0xfd binaries/ttycontrol.o
                0x0000000000108d0d                ttycontrol
 .text          0x0000000000108e0a       0xad binaries/ttygetc.o
                0x0000000000108e0a                ttygetc
 .text          0x0000000000108eb7      0x71e binaries/ttyhandle_in.o
                0x0000000000108eb7                ttyhandle_in
 .text          0x00000000001095d5      0x196 binaries/ttyhandle_out.o
                0x00000000001095d5                ttyhandle_out
 .text          0x000000000010976b       0xd1 binaries/ttyhandler.o
                0x000000000010976b                ttyhandler
 .text          0x000000000010983c      0x201 binaries/ttyinit.o
                0x000000000010983c                ttyinit
 .text          0x0000000000109a3d       0x1a binaries/ttykickout.o
                0x0000000000109a3d                ttykickout
 .text          0x0000000000109a57       0xcb binaries/ttyputc.o
                0x0000000000109a57                ttyputc
 .text          0x0000000000109b22      0x12d binaries/ttyread.o
                0x0000000000109b22                ttyread
 .text          0x0000000000109c4f       0x5e binaries/ttywrite.o
                0x0000000000109c4f                ttywrite
 .text          0x0000000000109cad      0x178 binaries/mount.o
                0x0000000000109cad                mount
                0x0000000000109de3                namlen
 .text          0x0000000000109e25      0x220 binaries/naminit.o
                0x0000000000109e25                naminit
 .text          0x000000000010a045      0x26f binaries/nammap.o
                0x000000000010a045                nammap
                0x000000000010a0e4                namrepl
                0x000000000010a232                namcpy
 .text          0x000000000010a2b4       0x5f binaries/namopen.o
                0x000000000010a2b4                namopen
 .text          0x000000000010a313      0x1bb binaries/colon2mac.o
                0x000000000010a313                colon2mac
 .text          0x000000000010a4ce       0xb2 binaries/ethcontrol.o
                0x000000000010a4ce                ethcontrol
 .text          0x000000000010a580      0x1a0 binaries/ethhandler.o
                0x000000000010a580                ethhandler
 .text          0x000000000010a720      0x7b0 binaries/ethinit.o
                0x000000000010a720                eth_phy_read
                0x000000000010a794                eth_phy_write
                0x000000000010a813                eth_phy_reset
                0x000000000010a967                ethinit
 .text          0x000000000010aed0      0x1a0 binaries/ethmcast.o
                0x000000000010aed0                ethmcast_add
                0x000000000010af5f                ethmcast_remove
 .text          0x000000000010b070      0x1a3 binaries/ethread.o
                0x000000000010b070                ethread
 .text          0x000000000010b213      0x10c binaries/ethwrite.o
                0x000000000010b213                ethwrite
 .text          0x000000000010b31f       0xb1 binaries/rdsbufalloc.o
                0x000000000010b31f                rdsbufalloc
 .text          0x000000000010b3d0       0xd1 binaries/rdsclose.o
                0x000000000010b3d0                rdsclose
 .text          0x000000000010b4a1      0x2d4 binaries/rdscomm.o
                0x000000000010b4a1                rdscomm
 .text          0x000000000010b775      0x20a binaries/rdscontrol.o
                0x000000000010b775                rdscontrol
 .text          0x000000000010b97f      0x20b binaries/rdsinit.o
                0x000000000010b97f                rdsinit
 .text          0x000000000010bb8a      0x1a6 binaries/rdsopen.o
                0x000000000010bb8a                rdsopen
 .text          0x000000000010bd30      0x477 binaries/rdsprocess.o
                0x000000000010bd30                rdsprocess
 .text          0x000000000010c1a7      0x23f binaries/rdsread.o
                0x000000000010c1a7                rdsread
 .text          0x000000000010c3e6      0x1df binaries/rdswrite.o
                0x000000000010c3e6                rdswrite
 .text          0x000000000010c5c5       0x14 binaries/ramclose.o
                0x000000000010c5c5                ramclose
 .text          0x000000000010c5d9       0x57 binaries/raminit.o
                0x000000000010c5d9                raminit
 .text          0x000000000010c630       0x14 binaries/ramopen.o
                0x000000000010c630                ramopen
 .text          0x000000000010c644       0x49 binaries/ramread.o
                0x000000000010c644                ramread
 .text          0x000000000010c68d       0x49 binaries/ramwrite.o
                0x000000000010c68d                ramwrite
 .text          0x000000000010c6d6       0xc6 binaries/lfdballoc.o
                0x000000000010c6d6                lfdballoc
 .text          0x000000000010c79c       0x6e binaries/lfdbfree.o
                0x000000000010c79c                lfdbfree
 .text          0x000000000010c80a       0xe2 binaries/lfflush.o
                0x000000000010c80a                lfflush
 .text          0x000000000010c8ec      0x10d binaries/lfgetmode.o
                0x000000000010c8ec                lfgetmode
 .text          0x000000000010c9f9       0x94 binaries/lfiballoc.o
                0x000000000010c9f9                lfiballoc
 .text          0x000000000010ca8d       0x47 binaries/lfibclear.o
                0x000000000010ca8d                lfibclear
 .text          0x000000000010cad4       0xba binaries/lfibget.o
                0x000000000010cad4                lfibget
 .text          0x000000000010cb8e       0xe9 binaries/lfibput.o
                0x000000000010cb8e                lfibput
 .text          0x000000000010cc77       0xbd binaries/lflclose.o
                0x000000000010cc77                lflclose
 .text          0x000000000010cd34      0x146 binaries/lflcontrol.o
                0x000000000010cd34                lflcontrol
 .text          0x000000000010ce7a      0x128 binaries/lflgetc.o
                0x000000000010ce7a                lflgetc
 .text          0x000000000010cfa2      0x102 binaries/lflinit.o
                0x000000000010cfa2                lflinit
 .text          0x000000000010d0a4      0x13c binaries/lflputc.o
                0x000000000010d0a4                lflputc
 .text          0x000000000010d1e0       0xa3 binaries/lflread.o
                0x000000000010d1e0                lflread
 .text          0x000000000010d283       0xc0 binaries/lflseek.o
                0x000000000010d283                lflseek
 .text          0x000000000010d343       0x66 binaries/lflwrite.o
                0x000000000010d343                lflwrite
 .text          0x000000000010d3a9      0x157 binaries/lfsckfmt.o
                0x000000000010d3a9                lfsckfmt
 .text          0x000000000010d500      0xa72 binaries/lfscontrol.o
                0x000000000010d69c                lfscontrol
 .text          0x000000000010df72      0x201 binaries/lfscreate.o
                0x000000000010df72                lfscreate
 .text          0x000000000010e173      0x2af binaries/lfsetup.o
                0x000000000010e173                lfsetup
 .text          0x000000000010e422       0x67 binaries/lfsinit.o
                0x000000000010e422                lfsinit
 .text          0x000000000010e489      0x557 binaries/lfsopen.o
                0x000000000010e489                lfsopen
 .text          0x000000000010e9e0      0x18c binaries/lftruncate.o
                0x000000000010e9e0                lftruncate
 .text          0x000000000010eb6c       0x91 binaries/rflclose.o
                0x000000000010eb6c                rflclose
 .text          0x000000000010ebfd       0x51 binaries/rflgetc.o
                0x000000000010ebfd                rflgetc
 .text          0x000000000010ec4e       0x88 binaries/rflinit.o
                0x000000000010ec4e                rflinit
 .text          0x000000000010ecd6       0x45 binaries/rflputc.o
                0x000000000010ecd6                rflputc
 .text          0x000000000010ed1b      0x398 binaries/rflread.o
                0x000000000010ed1b                rflread
 .text          0x000000000010f0b3       0x94 binaries/rflseek.o
                0x000000000010f0b3                rflseek
 .text          0x000000000010f147      0x383 binaries/rflwrite.o
                0x000000000010f147                rflwrite
 .text          0x000000000010f4ca      0x21f binaries/rfscomm.o
                0x000000000010f4ca                rfscomm
 .text          0x000000000010f6e9      0x3b1 binaries/rfscontrol.o
                0x000000000010f6e9                rfscontrol
 .text          0x000000000010fa9a       0xeb binaries/rfsgetmode.o
                0x000000000010fa9a                rfsgetmode
 .text          0x000000000010fb85       0xd8 binaries/rfsinit.o
                0x000000000010fb85                rfsinit
 .text          0x000000000010fc5d      0x124 binaries/rfsndmsg.o
                0x000000000010fc5d                rfsndmsg
 .text          0x000000000010fd81      0x2e5 binaries/rfsopen.o
                0x000000000010fd81                rfsopen
 .text          0x0000000000110066       0x14 binaries/uechoclose.o
                0x0000000000110066                uechoclose
 .text          0x000000000011007a       0x14 binaries/uechocontrol.o
                0x000000000011007a                uechocontrol
 .text          0x000000000011008e      0x472 binaries/uechoget.o
                0x00000000001100d7                uechoget
 .text          0x0000000000110500      0x187 binaries/uechoinit.o
                0x0000000000110500                uechoinit
                0x000000000011054e                ueproc
                0x00000000001105e2                ueconn
 .text          0x0000000000110687       0xf6 binaries/uechoopen.o
                0x0000000000110687                uechoopen
 .text          0x000000000011077d       0xf9 binaries/uechoputc.o
                0x000000000011077d                uechoput
 .text          0x0000000000110876       0x7f binaries/uechoread.o
                0x0000000000110876                uechoread
 .text          0x00000000001108f5      0x167 binaries/uechowrite.o
                0x00000000001108f5                uechowrite
 .text          0x0000000000110a5c      0x8ec binaries/arp.o
                0x0000000000110a5c                arp_init
                0x0000000000110aa3                arp_resolve
                0x0000000000110d92                arp_in
                0x0000000000111076                arp_alloc
                0x000000000011115a                arp_ntoh
                0x0000000000111251                arp_hton
 .text          0x0000000000111348      0xaa6 binaries/dhcp.o
                0x0000000000111348                dhcp_get_opt_val
                0x00000000001113ad                dhcp_bld_bootp_msg
                0x00000000001114d6                dhcp_bld_disc
                0x00000000001115b1                dhcp_bld_req
                0x0000000000111705                getlocalip
 .text          0x0000000000111dee      0x54e binaries/dns.o
                0x0000000000111dee                dns_qa
                0x0000000000111fd8                dns_bldq
                0x00000000001120b9                dns_geta
                0x0000000000112249                dns_getrname
 .text          0x000000000011233c       0xf6 binaries/dot2ip.o
                0x000000000011233c                dot2ip
 .text          0x0000000000112432      0x52c binaries/hexdump.o
                0x0000000000112432                hexdump
                0x0000000000112602                hexadump
 .text          0x000000000011295e      0x945 binaries/icmp.o
                0x000000000011295e                icmp_init
                0x00000000001129a4                icmp_in
                0x0000000000112b85                icmp_register
                0x0000000000112c91                icmp_recv
                0x0000000000112e31                icmp_send
                0x0000000000112ec8                icmp_mkpkt
                0x0000000000112ffe                icmp_release
                0x000000000011310d                icmp_cksum
                0x00000000001131a5                icmp_hton
                0x0000000000113224                icmp_ntoh
 .text          0x00000000001132a3      0x978 binaries/ip.o
                0x00000000001132a3                ip_in
                0x000000000011344a                ip_send
                0x00000000001135ce                ip_local
                0x0000000000113631                ip_out
                0x000000000011377b                ipcksum
                0x000000000011380d                ip_ntoh
                0x0000000000113904                ip_hton
                0x00000000001139fb                ipout
                0x0000000000113b52                ip_enqueue
 .text          0x0000000000113c1b      0x2ea binaries/net.o
                0x0000000000113c1b                net_init
                0x0000000000113dca                netin
                0x0000000000113e9b                eth_hton
                0x0000000000113ed0                eth_ntoh
 .text          0x0000000000113f05      0x175 binaries/netstart.o
                0x0000000000113f05                netstart
 .text          0x000000000011407a     0x15cf binaries/pdump.o
                0x000000000011407a                pdump
                0x0000000000114ef1                pdumph
 .text          0x0000000000115649      0x68e binaries/tftp.o
                0x0000000000115649                tftp_send1
                0x00000000001157de                tftpget
                0x000000000011581c                tftpget_mb
 .text          0x0000000000115cd7      0xc94 binaries/udp.o
                0x0000000000115cd7                udp_init
                0x0000000000115d22                udp_in
                0x0000000000115e7c                udp_register
                0x0000000000115fd6                udp_recv
                0x000000000011618c                udp_recvaddr
                0x000000000011635a                udp_send
                0x0000000000116564                udp_sendto
                0x000000000011675a                udp_release
                0x000000000011686d                udp_ntoh
                0x00000000001168ec                udp_hton
 .text          0x000000000011696b      0x192 binaries/addargs.o
                0x000000000011696b                addargs
 .text          0x0000000000116afd      0x2dd binaries/lexan.o
                0x0000000000116afd                lexan
 .text          0x0000000000116dda      0x927 binaries/shell.o
                0x0000000000116dda                shell
 .text          0x0000000000117701       0x80 binaries/xsh_argecho.o
                0x0000000000117701                xsh_argecho
 .text          0x0000000000117781      0x2d0 binaries/xsh_arp.o
                0x0000000000117781                xsh_arp
 .text          0x0000000000117a51     0x3262 binaries/xsh_basic.o
                0x000000000011a8d3                xsh_basic
 .text          0x000000000011acb3      0x2ef binaries/xsh_cat.o
                0x000000000011acb3                xsh_cat
 .text          0x000000000011afa2       0x7a binaries/xsh_clear.o
                0x000000000011afa2                xsh_clear
 .text          0x000000000011b01c      0x1f6 binaries/xsh_cp.o
                0x000000000011b01c                xsh_cp
 .text          0x000000000011b212      0x354 binaries/xsh_date.o
                0x000000000011b212                xsh_date
 .text          0x000000000011b566       0xcd binaries/xsh_devdump.o
                0x000000000011b566                xsh_devdump
 .text          0x000000000011b633      0x594 binaries/xsh_dine.o
                0x000000000011b633                take_forks
                0x000000000011b683                put_forks
                0x000000000011b6d3                phil_func
                0x000000000011b817                xsh_dine
 .text          0x000000000011bbc7     0x20a5 binaries/xsh_e0.o
                0x000000000011bbc7                xmalloc
                0x000000000011be45                fail
                0x000000000011bf90                printn
                0x000000000011d8c1                xsh_e0
 .text          0x000000000011dc6c       0x89 binaries/xsh_echo.o
                0x000000000011dc6c                xsh_echo
 .text          0x000000000011dcf5       0x14 binaries/xsh_exit.o
                0x000000000011dcf5                xsh_exit
 .text          0x000000000011dd09      0x1bc binaries/xsh_fsbench.o
                0x000000000011dd09                xsh_fsbench
 .text          0x000000000011dec5      0x3e8 binaries/xsh_help.o
                0x000000000011dec5                xsh_help
 .text          0x000000000011e2ad      0x6c2 binaries/xsh_ipaddr.o
                0x000000000011e2ad                xsh_ipaddr
 .text          0x000000000011e96f      0x287 binaries/xsh_kill.o
                0x000000000011e96f                xsh_kill
 .text          0x000000000011ebf6      0x5c3 binaries/xsh_ls.o
                0x000000000011ec35                xsh_ls
 .text          0x000000000011f1b9      0x43b binaries/xsh_memdump.o
                0x000000000011f1b9                xsh_memdump
 .text          0x000000000011f5f4      0x31c binaries/xsh_memstat.o
                0x000000000011f5f4                xsh_memstat
 .text          0x000000000011f910      0x2e5 binaries/xsh_mklfs.o
                0x000000000011f910                xsh_mklfs
 .text          0x000000000011fbf5      0x32e binaries/xsh_msr.o
                0x000000000011fbf5                xsh_msr
 .text          0x000000000011ff23      0x286 binaries/xsh_netstat.o
                0x000000000011ff23                xsh_netstat
 .text          0x00000000001201a9      0x4ef binaries/xsh_ping.o
                0x00000000001201a9                xsh_ping
 .text          0x0000000000120698      0x27c binaries/xsh_ps.o
                0x0000000000120698                xsh_ps
 .text          0x0000000000120914       0x66 binaries/xsh_reboot.o
                0x0000000000120914                xsh_reboot
 .text          0x000000000012097a       0xff binaries/xsh_rename.o
                0x000000000012097a                xsh_rename
 .text          0x0000000000120a79      0x125 binaries/xsh_rm.o
                0x0000000000120a79                xsh_rm
 .text          0x0000000000120b9e      0x2f2 binaries/xsh_sleep.o
                0x0000000000120b9e                xsh_sleep
 .text          0x0000000000120e90      0x13e binaries/xsh_ss.o
                0x0000000000120e90                xsh_ss
 .text          0x0000000000120fce      0x34b binaries/xsh_sum.o
                0x0000000000120fce                xsh_sum
 .text          0x0000000000121319      0x3f8 binaries/xsh_tail.o
                0x00000000001213c8                xsh_tail
 .text          0x0000000000121711     0x1668 binaries/xsh_tftp.o
                0x0000000000122abc                xsh_tftp
 .text          0x0000000000122d79      0x582 binaries/xsh_tsetjmp.o
                0x0000000000122d79                getans
                0x00000000001230e7                xsh_tsetjmp
 .text          0x00000000001232fb      0x2dd binaries/xsh_udpdump.o
                0x00000000001232fb                xsh_udpdump
 .text          0x00000000001235d8      0x535 binaries/xsh_udpecho.o
                0x00000000001235d8                xsh_udpecho
 .text          0x0000000000123b0d      0x2fb binaries/xsh_udpeserver.o
                0x0000000000123b0d                xsh_udpeserver
 .text          0x0000000000123e08      0x31b binaries/xsh_uptime.o
                0x0000000000123e08                xsh_uptime
 .text          0x0000000000124123        0xe binaries/clkdisp.o
                0x0000000000124123                clkdisp
 .text          0x0000000000124131       0x19 binaries/ctxsw.o
                0x0000000000124131                ctxsw
 .text          0x000000000012414a      0x380 binaries/intr.o
                0x000000000012414a                getcr0
                0x000000000012414e                getcr3
                0x0000000000124152                reboot
                0x0000000000124162                disable
                0x000000000012416b                restore
                0x0000000000124179                enable
                0x000000000012417b                pause
                0x0000000000124182                halt
                0x0000000000124185                spurious_irq7
                0x000000000012418a                spurious_irq15
                0x0000000000124199                _Xint0
                0x00000000001241a4                _Xint1
                0x00000000001241af                _Xint2
                0x00000000001241ba                _Xint3
                0x00000000001241c5                _Xint4
                0x00000000001241d0                _Xint5
                0x00000000001241db                _Xint6
                0x00000000001241e6                _Xint7
                0x00000000001241f1                _Xint8
                0x00000000001241fc                _Xint9
                0x0000000000124207                _Xint10
                0x0000000000124212                _Xint11
                0x0000000000124220                _Xint12
                0x000000000012422e                _Xint13
                0x000000000012423c                _Xint14
                0x000000000012424a                _Xint15
                0x0000000000124258                _Xint16
                0x0000000000124266                _Xint17
                0x0000000000124274                _Xint18
                0x0000000000124282                _Xint19
                0x0000000000124290                _Xint20
                0x000000000012429e                _Xint21
                0x00000000001242ac                _Xint22
                0x00000000001242ba                _Xint23
                0x00000000001242c8                _Xint24
                0x00000000001242d6                _Xint25
                0x00000000001242e4                _Xint26
                0x00000000001242f2                _Xint27
                0x0000000000124300                _Xint28
                0x000000000012430e                _Xint29
                0x000000000012431c                _Xint30
                0x000000000012432a                _Xint31
                0x0000000000124338                _Xint32
                0x0000000000124346                _Xint33
                0x0000000000124354                _Xint34
                0x0000000000124362                _Xint35
                0x0000000000124370                _Xint36
                0x000000000012437e                _Xint37
                0x000000000012438c                _Xint38
                0x000000000012439a                _Xint39
                0x00000000001243a8                _Xint40
                0x00000000001243b6                _Xint41
                0x00000000001243c4                _Xint42
                0x00000000001243d2                _Xint43
                0x00000000001243e0                _Xint44
                0x00000000001243ee                _Xint45
                0x00000000001243fc                _Xint46
                0x000000000012440a                defevec
 .text          0x00000000001244ca       0x3a binaries/setjmp.o
                0x00000000001244ca                setjmp
                0x00000000001244e9                longjmp
 .text          0x0000000000124504        0xf binaries/ttydispatch.o
                0x0000000000124504                ttydispatch
 .text          0x0000000000124513       0x13 binaries/ethdispatch.o
                0x0000000000124513                ethdispatch
 *(.rodata .rodata.*)
 *fill*         0x0000000000124526        0x2 
 .rodata        0x0000000000124528       0x8e binaries/ascdate.o
 .rodata        0x00000000001245b6       0xb2 binaries/conf.o
 .rodata        0x0000000000124668       0x83 binaries/early_imr.o
 *fill*         0x00000000001246eb        0x1 
 .rodata        0x00000000001246ec      0x233 binaries/evec.o
 *fill*         0x000000000012491f        0x1 
 .rodata        0x0000000000124920       0x89 binaries/fsmetrics.o
 .rodata        0x00000000001249a9        0xd binaries/fsworker.o
 *fill*         0x00000000001249b6        0x2 
 .rodata        0x00000000001249b8       0xca binaries/getutime.o
 *fill*         0x0000000000124a82        0x2 
 .rodata        0x0000000000124a84      0x144 binaries/initialize.o
 .rodata        0x0000000000124bc8       0x20 binaries/kill.o
 .rodata        0x0000000000124be8       0x5e binaries/main.o
 *fill*         0x0000000000124c46        0x2 
 .rodata        0x0000000000124c48       0x3e binaries/meminit.o
 .rodata        0x0000000000124c86        0xf binaries/panic.o
 .rodata        0x0000000000124c95       0x1c binaries/ptinit.o
 *fill*         0x0000000000124cb1        0x3 
 .rodata        0x0000000000124cb4       0x25 binaries/ptsend.o
 .rodata        0x0000000000124cd9       0x22 binaries/quark_pdat.o
 *fill*         0x0000000000124cfb        0x1 
 .rodata        0x0000000000124cfc       0x8f binaries/showmema.o
 *fill*         0x0000000000124d8b        0x1 
 .rodata        0x0000000000124d8c       0xb7 binaries/stacktrace.o
 *fill*         0x0000000000124e43        0x1 
 .rodata        0x0000000000124e44       0x27 binaries/xdone.o
 *fill*         0x0000000000124e6b       0x15 
 .rodata        0x0000000000124e80       0x81 binaries/ctype_.o
                0x0000000000124e80                _ctype_
 *fill*         0x0000000000124f01        0x3 
 .rodata        0x0000000000124f04       0xee binaries/doprnt.o
 *fill*         0x0000000000124ff2        0x2 
 .rodata        0x0000000000124ff4       0xae binaries/fdoprnt.o
 .rodata        0x00000000001250a2        0x1 binaries/strtok.o
 *fill*         0x00000000001250a3       0x1d 
 .rodata        0x00000000001250c0       0x65 binaries/xstoul.o
 *fill*         0x0000000000125125        0x3 
 .rodata        0x0000000000125128       0x20 binaries/ttycontrol.o
 .rodata        0x0000000000125148       0x34 binaries/ttyhandler.o
 .rodata        0x000000000012517c       0x80 binaries/naminit.o
 .rodata        0x00000000001251fc       0x46 binaries/ethinit.o
 *fill*         0x0000000000125242        0x2 
 .rodata        0x0000000000125244       0x2c binaries/rdsbufalloc.o
 .rodata        0x0000000000125270       0x76 binaries/rdscomm.o
 *fill*         0x00000000001252e6        0x2 
 .rodata        0x00000000001252e8       0x48 binaries/rdscontrol.o
 .rodata        0x0000000000125330       0x96 binaries/rdsinit.o
 *fill*         0x00000000001253c6        0x2 
 .rodata        0x00000000001253c8       0x22 binaries/rdsopen.o
 *fill*         0x00000000001253ea        0x2 
 .rodata        0x00000000001253ec       0x4d binaries/rdsprocess.o
 .rodata        0x0000000000125439        0x9 binaries/raminit.o
 *fill*         0x0000000000125442        0x2 
 .rodata        0x0000000000125444       0x37 binaries/lfdballoc.o
 .rodata        0x000000000012547b       0x14 binaries/lfiballoc.o
 *fill*         0x000000000012548f        0x1 
 .rodata        0x0000000000125490       0x23 binaries/lflcontrol.o
 *fill*         0x00000000001254b3        0x1 
 .rodata        0x00000000001254b4       0xb7 binaries/lfsckfmt.o
 .rodata        0x000000000012556b       0x34 binaries/lfsopen.o
 *fill*         0x000000000012559f        0x1 
 .rodata        0x00000000001255a0       0x21 binaries/rflread.o
 *fill*         0x00000000001255c1        0x3 
 .rodata        0x00000000001255c4       0x21 binaries/rflwrite.o
 *fill*         0x00000000001255e5        0x3 
 .rodata        0x00000000001255e8       0x75 binaries/rfscomm.o
 *fill*         0x000000000012565d        0x3 
 .rodata        0x0000000000125660       0x40 binaries/rfscontrol.o
 .rodata        0x00000000001256a0       0x8b binaries/rfsinit.o
 *fill*         0x000000000012572b        0x1 
 .rodata        0x000000000012572c       0x2a binaries/rfsndmsg.o
 *fill*         0x0000000000125756        0x2 
 .rodata        0x0000000000125758       0x22 binaries/rfsopen.o
 *fill*         0x000000000012577a        0x2 
 .rodata        0x000000000012577c       0x37 binaries/uechoinit.o
 *fill*         0x00000000001257b3        0x1 
 .rodata        0x00000000001257b4       0x3a binaries/arp.o
 *fill*         0x00000000001257ee        0x2 
 .rodata        0x00000000001257f0      0x119 binaries/dhcp.o
 *fill*         0x0000000000125909        0x3 
 .rodata        0x000000000012590c       0xc9 binaries/hexdump.o
 *fill*         0x00000000001259d5        0x3 
 .rodata        0x00000000001259d8       0x29 binaries/icmp.o
 *fill*         0x0000000000125a01        0x3 
 .rodata        0x0000000000125a04       0x6e binaries/ip.o
 *fill*         0x0000000000125a72        0x2 
 .rodata        0x0000000000125a74       0x5d binaries/net.o
 *fill*         0x0000000000125ad1        0x3 
 .rodata        0x0000000000125ad4       0xdb binaries/netstart.o
 *fill*         0x0000000000125baf        0x1 
 .rodata        0x0000000000125bb0      0x26f binaries/pdump.o
 *fill*         0x0000000000125e1f        0x1 
 .rodata        0x0000000000125e20      0x154 binaries/tftp.o
 .rodata        0x0000000000125f74       0x44 binaries/udp.o
 .rodata        0x0000000000125fb8      0x345 binaries/shell.o
 .rodata        0x00000000001262fd       0x28 binaries/xsh_argecho.o
 *fill*         0x0000000000126325        0x3 
 .rodata        0x0000000000126328      0x123 binaries/xsh_arp.o
 *fill*         0x000000000012644b        0x1 
 .rodata        0x000000000012644c      0x550 binaries/xsh_basic.o
 .rodata        0x000000000012699c       0xd5 binaries/xsh_cat.o
 .rodata        0x0000000000126a71       0x15 binaries/xsh_clear.o
 *fill*         0x0000000000126a86        0x2 
 .rodata        0x0000000000126a88      0x108 binaries/xsh_cp.o
 .rodata        0x0000000000126b90      0x1c3 binaries/xsh_date.o
 .rodata        0x0000000000126d53       0x5d binaries/xsh_devdump.o
 .rodata        0x0000000000126db0      0x140 binaries/xsh_dine.o
 .rodata        0x0000000000126ef0      0x978 binaries/xsh_e0.o
 .rodata        0x0000000000127868        0x9 binaries/xsh_echo.o
 *fill*         0x0000000000127871        0x3 
 .rodata        0x0000000000127874      0x126 binaries/xsh_fsbench.o
 *fill*         0x000000000012799a        0x2 
 .rodata        0x000000000012799c      0x169 binaries/xsh_help.o
 *fill*         0x0000000000127b05        0x3 
 .rodata        0x0000000000127b08      0x1ec binaries/xsh_ipaddr.o
 .rodata        0x0000000000127cf4      0x12e binaries/xsh_kill.o
 *fill*         0x0000000000127e22        0x2 
 .rodata        0x0000000000127e24      0x1d0 binaries/xsh_ls.o
 .rodata        0x0000000000127ff4      0x24b binaries/xsh_memdump.o
 *fill*         0x000000000012823f        0x1 
 .rodata        0x0000000000128240      0x225 binaries/xsh_memstat.o
 *fill*         0x0000000000128465        0x3 
 .rodata        0x0000000000128468      0x2b9 binaries/xsh_mklfs.o
 *fill*         0x0000000000128721        0x3 
 .rodata        0x0000000000128724      0x1aa binaries/xsh_msr.o
 *fill*         0x00000000001288ce        0x2 
 .rodata        0x00000000001288d0      0x180 binaries/xsh_netstat.o
 .rodata        0x0000000000128a50      0x1a1 binaries/xsh_ping.o
 *fill*         0x0000000000128bf1        0x3 
 .rodata        0x0000000000128bf4      0x1a8 binaries/xsh_ps.o
 .rodata        0x0000000000128d9c       0x4c binaries/xsh_reboot.o
 .rodata        0x0000000000128de8       0x51 binaries/xsh_rename.o
 *fill*         0x0000000000128e39        0x3 
 .rodata        0x0000000000128e3c       0x8d binaries/xsh_rm.o
 *fill*         0x0000000000128ec9        0x3 
 .rodata        0x0000000000128ecc      0x10f binaries/xsh_sleep.o
 *fill*         0x0000000000128fdb        0x1 
 .rodata        0x0000000000128fdc      0x159 binaries/xsh_ss.o
 *fill*         0x0000000000129135        0x3 
 .rodata        0x0000000000129138      0x11d binaries/xsh_sum.o
 *fill*         0x0000000000129255        0x3 
 .rodata        0x0000000000129258       0xb4 binaries/xsh_tail.o
 .rodata        0x000000000012930c      0x580 binaries/xsh_tftp.o
 .rodata        0x000000000012988c      0x453 binaries/xsh_tsetjmp.o
 *fill*         0x0000000000129cdf        0x1 
 .rodata        0x0000000000129ce0      0x1b8 binaries/xsh_udpdump.o
 .rodata        0x0000000000129e98      0x215 binaries/xsh_udpecho.o
 *fill*         0x000000000012a0ad        0x3 
 .rodata        0x000000000012a0b0      0x12b binaries/xsh_udpeserver.o
 *fill*         0x000000000012a1db        0x1 
 .rodata        0x000000000012a1dc      0x134 binaries/xsh_uptime.o
                0x000000000012a310                etext = ABSOLUTE (.)
                0x000000000012b000                . = ALIGN (0x1000)
 *fill*         0x000000000012a310      0xcf0 

.eh_frame       0x000000000012b000     0x4920
 .eh_frame      0x000000000012b000       0x54 binaries/ascdate.o
 .eh_frame      0x000000000012b054       0x34 binaries/bufinit.o
                                         0x4c (size before relaxing)
 .eh_frame      0x000000000012b088       0x3c binaries/chprio.o
                                         0x54 (size before relaxing)
 .eh_frame      0x000000000012b0c4       0x24 binaries/clkhandler.o
                                         0x50 (size before relaxing)
 .eh_frame      0x000000000012b0e8       0x28 binaries/clkinit.o
                                         0x54 (size before relaxing)
 .eh_frame      0x000000000012b110       0x28 binaries/close.o
                                         0x54 (size before relaxing)
 .eh_frame      0x000000000012b138       0x28 binaries/control.o
                                         0x54 (size before relaxing)
 .eh_frame      0x000000000012b160       0x4c binaries/create.o
                                         0x8c (size before relaxing)
 .eh_frame      0x000000000012b1ac      0x128 binaries/early_imr.o
                                        0x168 (size before relaxing)
 .eh_frame      0x000000000012b2d4       0x9c binaries/evec.o
                                         0xdc (size before relaxing)
 .eh_frame      0x000000000012b370       0x24 binaries/exit.o
                                         0x50 (size before relaxing)
 .eh_frame      0x000000000012b394       0x28 binaries/freebuf.o
                                         0x54 (size before relaxing)
 .eh_frame      0x000000000012b3bc       0x28 binaries/freemem.o
                                         0x54 (size before relaxing)
 .eh_frame      0x000000000012b3e4       0xcc binaries/fscs.o
                                        0x10c (size before relaxing)
 .eh_frame      0x000000000012b4b0       0x60 binaries/fsdirlock.o
                                         0x8c (size before relaxing)
 .eh_frame      0x000000000012b510       0xc4 binaries/fsmetrics.o
                                        0x104 (size before relaxing)
 .eh_frame      0x000000000012b5d4      0x10c binaries/fsworker.o
                                        0x14c (size before relaxing)
 .eh_frame      0x000000000012b6e0       0x28 binaries/getbuf.o
                                         0x54 (size before relaxing)
 .eh_frame      0x000000000012b708       0x28 binaries/getc.o
                                         0x54 (size before relaxing)
 .eh_frame      0x000000000012b730       0x28 binaries/getdev.o
                                         0x54 (size before relaxing)
 .eh_frame      0x000000000012b758       0x80 binaries/getitem.o
                                         0xac (size before relaxing)
 .eh_frame      0x000000000012b7d8       0x28 binaries/getmem.o
                                         0x54 (size before relaxing)
 .eh_frame      0x000000000012b800       0x20 binaries/getpid.o
                                         0x4c (size before relaxing)
 .eh_frame      0x000000000012b820       0x28 binaries/getprio.o
                                         0x54 (size before relaxing)
 .eh_frame      0x000000000012b848       0x28 binaries/getstk.o
                                         0x54 (size before relaxing)
 .eh_frame      0x000000000012b870       0x28 binaries/gettime.o
                                         0x54 (size before relaxing)
 .eh_frame      0x000000000012b898       0x28 binaries/getutime.o
                                         0x54 (size before relaxing)
 .eh_frame      0x000000000012b8c0       0x28 binaries/init.o
                                         0x54 (size before relaxing)
 .eh_frame      0x000000000012b8e8       0x84 binaries/initialize.o
                                         0xc4 (size before relaxing)
 .eh_frame      0x000000000012b96c       0x24 binaries/insert.o
                                         0x50 (size before relaxing)
 .eh_frame      0x000000000012b990       0x28 binaries/insertd.o
                                         0x54 (size before relaxing)
 .eh_frame      0x000000000012b9b8       0x20 binaries/ioerr.o
                                         0x4c (size before relaxing)
 .eh_frame      0x000000000012b9d8       0x20 binaries/ionull.o
                                         0x4c (size before relaxing)
 .eh_frame      0x000000000012b9f8       0x2c binaries/kill.o
                                         0x58 (size before relaxing)
 .eh_frame      0x000000000012ba24       0x6c binaries/kprintf.o
                                         0x98 (size before relaxing)
 .eh_frame      0x000000000012ba90       0x54 binaries/main.o
                                         0x94 (size before relaxing)
 .eh_frame      0x000000000012bae4       0x4c binaries/mark.o
                                         0x78 (size before relaxing)
 .eh_frame      0x000000000012bb30       0x58 binaries/meminit.o
                                         0x98 (size before relaxing)
 .eh_frame      0x000000000012bb88       0x28 binaries/mkbufpool.o
                                         0x54 (size before relaxing)
 .eh_frame      0x000000000012bbb0       0x20 binaries/netup.o
                                         0x4c (size before relaxing)
 .eh_frame      0x000000000012bbd0       0x24 binaries/newqueue.o
                                         0x50 (size before relaxing)
 .eh_frame      0x000000000012bbf4       0x28 binaries/open.o
                                         0x54 (size before relaxing)
 .eh_frame      0x000000000012bc1c       0x1c binaries/panic.o
                                         0x48 (size before relaxing)
 .eh_frame      0x000000000012bc38      0x1e0 binaries/pci.o
                                        0x20c (size before relaxing)
 .eh_frame      0x000000000012be18       0x50 binaries/platinit.o
                                         0x7c (size before relaxing)
 .eh_frame      0x000000000012be68       0x28 binaries/ptclear.o
                                         0x54 (size before relaxing)
 .eh_frame      0x000000000012be90       0x28 binaries/ptcount.o
                                         0x54 (size before relaxing)
 .eh_frame      0x000000000012beb8       0x28 binaries/ptcreate.o
                                         0x54 (size before relaxing)
 .eh_frame      0x000000000012bee0       0x28 binaries/ptdelete.o
                                         0x54 (size before relaxing)
 .eh_frame      0x000000000012bf08       0x28 binaries/ptinit.o
                                         0x54 (size before relaxing)
 .eh_frame      0x000000000012bf30       0x28 binaries/ptrecv.o
                                         0x54 (size before relaxing)
 .eh_frame      0x000000000012bf58       0x28 binaries/ptreset.o
                                         0x54 (size before relaxing)
 .eh_frame      0x000000000012bf80       0x28 binaries/ptsend.o
                                         0x54 (size before relaxing)
 .eh_frame      0x000000000012bfa8       0x28 binaries/putc.o
                                         0x54 (size before relaxing)
 .eh_frame      0x000000000012bfd0       0x28 binaries/quark_irq.o
                                         0x54 (size before relaxing)
 .eh_frame      0x000000000012bff8       0x50 binaries/quark_pdat.o
                                         0x7c (size before relaxing)
 .eh_frame      0x000000000012c048       0x4c binaries/queue.o
                                         0x8c (size before relaxing)
 .eh_frame      0x000000000012c094       0x28 binaries/read.o
                                         0x54 (size before relaxing)
 .eh_frame      0x000000000012c0bc       0x28 binaries/ready.o
                                         0x54 (size before relaxing)
 .eh_frame      0x000000000012c0e4       0x28 binaries/receive.o
                                         0x54 (size before relaxing)
 .eh_frame      0x000000000012c10c       0x28 binaries/recvclr.o
                                         0x54 (size before relaxing)
 .eh_frame      0x000000000012c134       0x28 binaries/recvtime.o
                                         0x54 (size before relaxing)
 .eh_frame      0x000000000012c15c       0x28 binaries/remove.o
                                         0x54 (size before relaxing)
 .eh_frame      0x000000000012c184       0x28 binaries/rename.o
                                         0x54 (size before relaxing)
 .eh_frame      0x000000000012c1ac       0x4c binaries/resched.o
                                         0x8c (size before relaxing)
 .eh_frame      0x000000000012c1f8       0x28 binaries/resume.o
                                         0x54 (size before relaxing)
 .eh_frame      0x000000000012c220       0x28 binaries/seek.o
                                         0x54 (size before relaxing)
 .eh_frame      0x000000000012c248       0x28 binaries/semcount.o
                                         0x54 (size before relaxing)
 .eh_frame      0x000000000012c270       0x4c binaries/semcreate.o
                                         0x8c (size before relaxing)
 .eh_frame      0x000000000012c2bc       0x28 binaries/semdelete.o
                                         0x54 (size before relaxing)
 .eh_frame      0x000000000012c2e4       0x28 binaries/semreset.o
                                         0x54 (size before relaxing)
 .eh_frame      0x000000000012c30c       0x28 binaries/send.o
                                         0x54 (size before relaxing)
 .eh_frame      0x000000000012c334       0x28 binaries/showmema.o
                                         0x54 (size before relaxing)
 .eh_frame      0x000000000012c35c       0x28 binaries/signal.o
                                         0x54 (size before relaxing)
 .eh_frame      0x000000000012c384       0x28 binaries/signaln.o
                                         0x54 (size before relaxing)
 .eh_frame      0x000000000012c3ac       0x4c binaries/sleep.o
                                         0x8c (size before relaxing)
 .eh_frame      0x000000000012c3f8       0x20 binaries/ssignal.o
                                         0x4c (size before relaxing)
 .eh_frame      0x000000000012c418       0x28 binaries/stacktrace.o
                                         0x54 (size before relaxing)
 .eh_frame      0x000000000012c440       0x28 binaries/suspend.o
                                         0x54 (size before relaxing)
 .eh_frame      0x000000000012c468       0x20 binaries/swait.o
                                         0x4c (size before relaxing)
 .eh_frame      0x000000000012c488       0x28 binaries/unsleep.o
                                         0x54 (size before relaxing)
 .eh_frame      0x000000000012c4b0       0x24 binaries/userret.o
                                         0x50 (size before relaxing)
 .eh_frame      0x000000000012c4d4       0x28 binaries/wait.o
                                         0x54 (size before relaxing)
 .eh_frame      0x000000000012c4fc       0x28 binaries/wakeup.o
                                         0x54 (size before relaxing)
 .eh_frame      0x000000000012c524       0x28 binaries/write.o
                                         0x54 (size before relaxing)
 .eh_frame      0x000000000012c54c       0x24 binaries/xdone.o
                                         0x50 (size before relaxing)
 .eh_frame      0x000000000012c570       0x24 binaries/yield.o
                                         0x50 (size before relaxing)
 .eh_frame      0x000000000012c594       0x20 binaries/abs.o
                                         0x4c (size before relaxing)
 .eh_frame      0x000000000012c5b4       0x24 binaries/atoi.o
                                         0x50 (size before relaxing)
 .eh_frame      0x000000000012c5d8       0x24 binaries/atol.o
                                         0x50 (size before relaxing)
 .eh_frame      0x000000000012c5fc       0x20 binaries/bzero.o
                                         0x4c (size before relaxing)
 .eh_frame      0x000000000012c61c       0xdc binaries/doprnt.o
                                        0x11c (size before relaxing)
 .eh_frame      0x000000000012c6f8       0xc8 binaries/doscan.o
                                         0xf4 (size before relaxing)
 .eh_frame      0x000000000012c7c0       0xdc binaries/fdoprnt.o
                                        0x11c (size before relaxing)
 .eh_frame      0x000000000012c89c       0x24 binaries/fgetc.o
                                         0x50 (size before relaxing)
 .eh_frame      0x000000000012c8c0       0x28 binaries/fgets.o
                                         0x54 (size before relaxing)
 .eh_frame      0x000000000012c8e8       0x48 binaries/fprintf.o
                                         0x88 (size before relaxing)
 .eh_frame      0x000000000012c930       0x24 binaries/fputc.o
                                         0x50 (size before relaxing)
 .eh_frame      0x000000000012c954       0x28 binaries/fputs.o
                                         0x54 (size before relaxing)
 .eh_frame      0x000000000012c97c       0x6c binaries/fscanf.o
                                         0x98 (size before relaxing)
 .eh_frame      0x000000000012c9e8       0x24 binaries/getchar.o
                                         0x50 (size before relaxing)
 .eh_frame      0x000000000012ca0c       0x20 binaries/isatty.o
                                         0x4c (size before relaxing)
 .eh_frame      0x000000000012ca2c       0x20 binaries/labs.o
                                         0x4c (size before relaxing)
 .eh_frame      0x000000000012ca4c       0x24 binaries/memchr.o
                                         0x50 (size before relaxing)
 .eh_frame      0x000000000012ca70       0x24 binaries/memcmp.o
                                         0x50 (size before relaxing)
 .eh_frame      0x000000000012ca94       0x24 binaries/memcpy.o
                                         0x50 (size before relaxing)
 .eh_frame      0x000000000012cab8       0x20 binaries/memset.o
                                         0x4c (size before relaxing)
 .eh_frame      0x000000000012cad8       0x48 binaries/printf.o
                                         0x88 (size before relaxing)
 .eh_frame      0x000000000012cb20       0x28 binaries/putchar.o
                                         0x54 (size before relaxing)
 .eh_frame      0x000000000012cb48       0x28 binaries/qsort.o
                                         0x54 (size before relaxing)
 .eh_frame      0x000000000012cb70       0x40 binaries/rand.o
                                         0x6c (size before relaxing)
 .eh_frame      0x000000000012cbb0       0x48 binaries/sprintf.o
                                         0x74 (size before relaxing)
 .eh_frame      0x000000000012cbf8       0x64 binaries/sscanf.o
                                         0x90 (size before relaxing)
 .eh_frame      0x000000000012cc5c       0x24 binaries/strcat.o
                                         0x50 (size before relaxing)
 .eh_frame      0x000000000012cc80       0x20 binaries/strchr.o
                                         0x4c (size before relaxing)
 .eh_frame      0x000000000012cca0       0x20 binaries/strcmp.o
                                         0x4c (size before relaxing)
 .eh_frame      0x000000000012ccc0       0x20 binaries/strcpy.o
                                         0x4c (size before relaxing)
 .eh_frame      0x000000000012cce0       0x20 binaries/strlen.o
                                         0x4c (size before relaxing)
 .eh_frame      0x000000000012cd00       0x24 binaries/strncat.o
                                         0x50 (size before relaxing)
 .eh_frame      0x000000000012cd24       0x20 binaries/strncmp.o
                                         0x4c (size before relaxing)
 .eh_frame      0x000000000012cd44       0x28 binaries/strncpy.o
                                         0x54 (size before relaxing)
 .eh_frame      0x000000000012cd6c       0x20 binaries/strnlen.o
                                         0x4c (size before relaxing)
 .eh_frame      0x000000000012cd8c       0x24 binaries/strpbrk.o
                                         0x50 (size before relaxing)
 .eh_frame      0x000000000012cdb0       0x24 binaries/strrchr.o
                                         0x50 (size before relaxing)
 .eh_frame      0x000000000012cdd4       0x24 binaries/strspn.o
                                         0x50 (size before relaxing)
 .eh_frame      0x000000000012cdf8       0x24 binaries/strstr.o
                                         0x50 (size before relaxing)
 .eh_frame      0x000000000012ce1c       0x28 binaries/strtok.o
                                         0x54 (size before relaxing)
 .eh_frame      0x000000000012ce44       0x28 binaries/strtol.o
                                         0x54 (size before relaxing)
 .eh_frame      0x000000000012ce6c       0x28 binaries/strtoul.o
                                         0x54 (size before relaxing)
 .eh_frame      0x000000000012ce94       0x20 binaries/tolower.o
                                         0x4c (size before relaxing)
 .eh_frame      0x000000000012ceb4       0x20 binaries/toupper.o
                                         0x4c (size before relaxing)
 .eh_frame      0x000000000012ced4       0x28 binaries/xstoul.o
                                         0x54 (size before relaxing)
 .eh_frame      0x000000000012cefc       0x28 binaries/ttycontrol.o
                                         0x54 (size before relaxing)
 .eh_frame      0x000000000012cf24       0x28 binaries/ttygetc.o
                                         0x54 (size before relaxing)
 .eh_frame      0x000000000012cf4c       0x98 binaries/ttyhandle_in.o
                                         0xec (size before relaxing)
 .eh_frame      0x000000000012cfe4       0x28 binaries/ttyhandle_out.o
                                         0x54 (size before relaxing)
 .eh_frame      0x000000000012d00c       0x28 binaries/ttyhandler.o
                                         0x54 (size before relaxing)
 .eh_frame      0x000000000012d034       0x28 binaries/ttyinit.o
                                         0x54 (size before relaxing)
 .eh_frame      0x000000000012d05c       0x20 binaries/ttykickout.o
                                         0x4c (size before relaxing)
 .eh_frame      0x000000000012d07c       0x28 binaries/ttyputc.o
                                         0x54 (size before relaxing)
 .eh_frame      0x000000000012d0a4       0x28 binaries/ttyread.o
                                         0x54 (size before relaxing)
 .eh_frame      0x000000000012d0cc       0x28 binaries/ttywrite.o
                                         0x54 (size before relaxing)
 .eh_frame      0x000000000012d0f4       0x48 binaries/mount.o
                                         0x88 (size before relaxing)
 .eh_frame      0x000000000012d13c       0x28 binaries/naminit.o
                                         0x54 (size before relaxing)
 .eh_frame      0x000000000012d164       0x74 binaries/nammap.o
                                         0xb4 (size before relaxing)
 .eh_frame      0x000000000012d1d8       0x28 binaries/namopen.o
                                         0x54 (size before relaxing)
 .eh_frame      0x000000000012d200       0x28 binaries/colon2mac.o
                                         0x54 (size before relaxing)
 .eh_frame      0x000000000012d228       0x28 binaries/ethcontrol.o
                                         0x54 (size before relaxing)
 .eh_frame      0x000000000012d250       0x28 binaries/ethhandler.o
                                         0x54 (size before relaxing)
 .eh_frame      0x000000000012d278       0xa4 binaries/ethinit.o
                                         0xe4 (size before relaxing)
 .eh_frame      0x000000000012d31c       0x50 binaries/ethmcast.o
                                         0x90 (size before relaxing)
 .eh_frame      0x000000000012d36c       0x28 binaries/ethread.o
                                         0x54 (size before relaxing)
 .eh_frame      0x000000000012d394       0x28 binaries/ethwrite.o
                                         0x54 (size before relaxing)
 .eh_frame      0x000000000012d3bc       0x28 binaries/rdsbufalloc.o
                                         0x54 (size before relaxing)
 .eh_frame      0x000000000012d3e4       0x24 binaries/rdsclose.o
                                         0x50 (size before relaxing)
 .eh_frame      0x000000000012d408       0x28 binaries/rdscomm.o
                                         0x54 (size before relaxing)
 .eh_frame      0x000000000012d430       0x28 binaries/rdscontrol.o
                                         0x54 (size before relaxing)
 .eh_frame      0x000000000012d458       0x28 binaries/rdsinit.o
                                         0x54 (size before relaxing)
 .eh_frame      0x000000000012d480       0x28 binaries/rdsopen.o
                                         0x54 (size before relaxing)
 .eh_frame      0x000000000012d4a8       0x1c binaries/rdsprocess.o
                                         0x48 (size before relaxing)
 .eh_frame      0x000000000012d4c4       0x28 binaries/rdsread.o
                                         0x54 (size before relaxing)
 .eh_frame      0x000000000012d4ec       0x28 binaries/rdswrite.o
                                         0x54 (size before relaxing)
 .eh_frame      0x000000000012d514       0x20 binaries/ramclose.o
                                         0x4c (size before relaxing)
 .eh_frame      0x000000000012d534       0x28 binaries/raminit.o
                                         0x54 (size before relaxing)
 .eh_frame      0x000000000012d55c       0x20 binaries/ramopen.o
                                         0x4c (size before relaxing)
 .eh_frame      0x000000000012d57c       0x28 binaries/ramread.o
                                         0x54 (size before relaxing)
 .eh_frame      0x000000000012d5a4       0x28 binaries/ramwrite.o
                                         0x54 (size before relaxing)
 .eh_frame      0x000000000012d5cc       0x28 binaries/lfdballoc.o
                                         0x54 (size before relaxing)
 .eh_frame      0x000000000012d5f4       0x28 binaries/lfdbfree.o
                                         0x54 (size before relaxing)
 .eh_frame      0x000000000012d61c       0x28 binaries/lfflush.o
                                         0x54 (size before relaxing)
 .eh_frame      0x000000000012d644       0x24 binaries/lfgetmode.o
                                         0x50 (size before relaxing)
 .eh_frame      0x000000000012d668       0x28 binaries/lfiballoc.o
                                         0x54 (size before relaxing)
 .eh_frame      0x000000000012d690       0x24 binaries/lfibclear.o
                                         0x50 (size before relaxing)
 .eh_frame      0x000000000012d6b4       0x28 binaries/lfibget.o
                                         0x54 (size before relaxing)
 .eh_frame      0x000000000012d6dc       0x28 binaries/lfibput.o
                                         0x54 (size before relaxing)
 .eh_frame      0x000000000012d704       0x28 binaries/lflclose.o
                                         0x54 (size before relaxing)
 .eh_frame      0x000000000012d72c       0x28 binaries/lflcontrol.o
                                         0x54 (size before relaxing)
 .eh_frame      0x000000000012d754       0x28 binaries/lflgetc.o
                                         0x54 (size before relaxing)
 .eh_frame      0x000000000012d77c       0x28 binaries/lflinit.o
                                         0x54 (size before relaxing)
 .eh_frame      0x000000000012d7a4       0x28 binaries/lflputc.o
                                         0x54 (size before relaxing)
 .eh_frame      0x000000000012d7cc       0x28 binaries/lflread.o
                                         0x54 (size before relaxing)
 .eh_frame      0x000000000012d7f4       0x28 binaries/lflseek.o
                                         0x54 (size before relaxing)
 .eh_frame      0x000000000012d81c       0x28 binaries/lflwrite.o
                                         0x54 (size before relaxing)
 .eh_frame      0x000000000012d844       0x28 binaries/lfsckfmt.o
                                         0x54 (size before relaxing)
 .eh_frame      0x000000000012d86c       0x74 binaries/lfscontrol.o
                                         0xb4 (size before relaxing)
 .eh_frame      0x000000000012d8e0       0x28 binaries/lfscreate.o
                                         0x54 (size before relaxing)
 .eh_frame      0x000000000012d908       0x28 binaries/lfsetup.o
                                         0x54 (size before relaxing)
 .eh_frame      0x000000000012d930       0x28 binaries/lfsinit.o
                                         0x54 (size before relaxing)
 .eh_frame      0x000000000012d958       0x28 binaries/lfsopen.o
                                         0x54 (size before relaxing)
 .eh_frame      0x000000000012d980       0x28 binaries/lftruncate.o
                                         0x54 (size before relaxing)
 .eh_frame      0x000000000012d9a8       0x28 binaries/rflclose.o
                                         0x54 (size before relaxing)
 .eh_frame      0x000000000012d9d0       0x28 binaries/rflgetc.o
                                         0x54 (size before relaxing)
 .eh_frame      0x000000000012d9f8       0x24 binaries/rflinit.o
                                         0x50 (size before relaxing)
 .eh_frame      0x000000000012da1c       0x24 binaries/rflputc.o
                                         0x50 (size before relaxing)
 .eh_frame      0x000000000012da40       0x28 binaries/rflread.o
                                         0x54 (size before relaxing)
 .eh_frame      0x000000000012da68       0x28 binaries/rflseek.o
                                         0x54 (size before relaxing)
 .eh_frame      0x000000000012da90       0x28 binaries/rflwrite.o
                                         0x54 (size before relaxing)
 .eh_frame      0x000000000012dab8       0x28 binaries/rfscomm.o
                                         0x54 (size before relaxing)
 .eh_frame      0x000000000012dae0       0x28 binaries/rfscontrol.o
                                         0x54 (size before relaxing)
 .eh_frame      0x000000000012db08       0x24 binaries/rfsgetmode.o
                                         0x50 (size before relaxing)
 .eh_frame      0x000000000012db2c       0x28 binaries/rfsinit.o
                                         0x54 (size before relaxing)
 .eh_frame      0x000000000012db54       0x28 binaries/rfsndmsg.o
                                         0x54 (size before relaxing)
 .eh_frame      0x000000000012db7c       0x28 binaries/rfsopen.o
                                         0x54 (size before relaxing)
 .eh_frame      0x000000000012dba4       0x20 binaries/uechoclose.o
                                         0x4c (size before relaxing)
 .eh_frame      0x000000000012dbc4       0x20 binaries/uechocontrol.o
                                         0x4c (size before relaxing)
 .eh_frame      0x000000000012dbe4       0x50 binaries/uechoget.o
                                         0x90 (size before relaxing)
 .eh_frame      0x000000000012dc34       0x64 binaries/uechoinit.o
                                         0x90 (size before relaxing)
 .eh_frame      0x000000000012dc98       0x28 binaries/uechoopen.o
                                         0x54 (size before relaxing)
 .eh_frame      0x000000000012dcc0       0x28 binaries/uechoputc.o
                                         0x54 (size before relaxing)
 .eh_frame      0x000000000012dce8       0x28 binaries/uechoread.o
                                         0x54 (size before relaxing)
 .eh_frame      0x000000000012dd10       0x2c binaries/uechowrite.o
                                         0x58 (size before relaxing)
 .eh_frame      0x000000000012dd3c       0xdc binaries/arp.o
                                        0x130 (size before relaxing)
 .eh_frame      0x000000000012de18       0xc0 binaries/dhcp.o
                                        0x100 (size before relaxing)
 .eh_frame      0x000000000012ded8       0x9c binaries/dns.o
                                         0xdc (size before relaxing)
 .eh_frame      0x000000000012df74       0x24 binaries/dot2ip.o
                                         0x50 (size before relaxing)
 .eh_frame      0x000000000012df98       0x50 binaries/hexdump.o
                                         0x7c (size before relaxing)
 .eh_frame      0x000000000012dfe8      0x180 binaries/icmp.o
                                        0x1d4 (size before relaxing)
 .eh_frame      0x000000000012e168      0x148 binaries/ip.o
                                        0x188 (size before relaxing)
 .eh_frame      0x000000000012e2b0       0x84 binaries/net.o
                                         0xc4 (size before relaxing)
 .eh_frame      0x000000000012e334       0x30 binaries/netstart.o
                                         0x5c (size before relaxing)
 .eh_frame      0x000000000012e364       0x60 binaries/pdump.o
                                         0xa0 (size before relaxing)
 .eh_frame      0x000000000012e3c4       0x70 binaries/tftp.o
                                         0xb0 (size before relaxing)
 .eh_frame      0x000000000012e434      0x17c binaries/udp.o
                                        0x1d0 (size before relaxing)
 .eh_frame      0x000000000012e5b0       0x28 binaries/addargs.o
                                         0x54 (size before relaxing)
 .eh_frame      0x000000000012e5d8       0x24 binaries/lexan.o
                                         0x50 (size before relaxing)
 .eh_frame      0x000000000012e5fc       0x2c binaries/shell.o
                                         0x58 (size before relaxing)
 .eh_frame      0x000000000012e628       0x28 binaries/xsh_argecho.o
                                         0x54 (size before relaxing)
 .eh_frame      0x000000000012e650       0x50 binaries/xsh_arp.o
                                         0x7c (size before relaxing)
 .eh_frame      0x000000000012e6a0      0x670 binaries/xsh_basic.o
                                        0x6b0 (size before relaxing)
 .eh_frame      0x000000000012ed10       0x2c binaries/xsh_cat.o
                                         0x58 (size before relaxing)
 .eh_frame      0x000000000012ed3c       0x28 binaries/xsh_clear.o
                                         0x54 (size before relaxing)
 .eh_frame      0x000000000012ed64       0x28 binaries/xsh_cp.o
                                         0x54 (size before relaxing)
 .eh_frame      0x000000000012ed8c       0x2c binaries/xsh_date.o
                                         0x58 (size before relaxing)
 .eh_frame      0x000000000012edb8       0x28 binaries/xsh_devdump.o
                                         0x54 (size before relaxing)
 .eh_frame      0x000000000012ede0       0xa0 binaries/xsh_dine.o
                                         0xe0 (size before relaxing)
 .eh_frame      0x000000000012ee80      0x38c binaries/xsh_e0.o
                                        0x3cc (size before relaxing)
 .eh_frame      0x000000000012f20c       0x28 binaries/xsh_echo.o
                                         0x54 (size before relaxing)
 .eh_frame      0x000000000012f234       0x20 binaries/xsh_exit.o
                                         0x4c (size before relaxing)
 .eh_frame      0x000000000012f254       0x28 binaries/xsh_fsbench.o
                                         0x54 (size before relaxing)
 .eh_frame      0x000000000012f27c       0x2c binaries/xsh_help.o
                                         0x58 (size before relaxing)
 .eh_frame      0x000000000012f2a8       0x30 binaries/xsh_ipaddr.o
                                         0x5c (size before relaxing)
 .eh_frame      0x000000000012f2d8       0x2c binaries/xsh_kill.o
                                         0x58 (size before relaxing)
 .eh_frame      0x000000000012f304       0x4c binaries/xsh_ls.o
                                         0x8c (size before relaxing)
 .eh_frame      0x000000000012f350       0x54 binaries/xsh_memdump.o
                                         0x80 (size before relaxing)
 .eh_frame      0x000000000012f3a4       0x7c binaries/xsh_memstat.o
                                         0xa8 (size before relaxing)
 .eh_frame      0x000000000012f420       0x28 binaries/xsh_mklfs.o
                                         0x54 (size before relaxing)
 .eh_frame      0x000000000012f448       0x2c binaries/xsh_msr.o
                                         0x58 (size before relaxing)
 .eh_frame      0x000000000012f474       0x2c binaries/xsh_netstat.o
                                         0x58 (size before relaxing)
 .eh_frame      0x000000000012f4a0       0x30 binaries/xsh_ping.o
                                         0x5c (size before relaxing)
 .eh_frame      0x000000000012f4d0       0x30 binaries/xsh_ps.o
                                         0x5c (size before relaxing)
 .eh_frame      0x000000000012f500       0x28 binaries/xsh_reboot.o
                                         0x54 (size before relaxing)
 .eh_frame      0x000000000012f528       0x28 binaries/xsh_rename.o
                                         0x54 (size before relaxing)
 .eh_frame      0x000000000012f550       0x28 binaries/xsh_rm.o
                                         0x54 (size before relaxing)
 .eh_frame      0x000000000012f578       0x2c binaries/xsh_sleep.o
                                         0x58 (size before relaxing)
 .eh_frame      0x000000000012f5a4       0x28 binaries/xsh_ss.o
                                         0x54 (size before relaxing)
 .eh_frame      0x000000000012f5cc       0x30 binaries/xsh_sum.o
                                         0x5c (size before relaxing)
 .eh_frame      0x000000000012f5fc       0x58 binaries/xsh_tail.o
                                         0x84 (size before relaxing)
 .eh_frame      0x000000000012f654      0x148 binaries/xsh_tftp.o
                                        0x174 (size before relaxing)
 .eh_frame      0x000000000012f79c       0xcc binaries/xsh_tsetjmp.o
                                         0xf8 (size before relaxing)
 .eh_frame      0x000000000012f868       0x2c binaries/xsh_udpdump.o
                                         0x58 (size before relaxing)
 .eh_frame      0x000000000012f894       0x30 binaries/xsh_udpecho.o
                                         0x5c (size before relaxing)
 .eh_frame      0x000000000012f8c4       0x30 binaries/xsh_udpeserver.o
                                         0x5c (size before relaxing)
 .eh_frame      0x000000000012f8f4       0x2c binaries/xsh_uptime.o
                                         0x58 (size before relaxing)

.iplt           0x000000000012f920        0x0
 .iplt          0x000000000012f920        0x0 binaries/start.o

.rel.dyn        0x000000000012f920        0x0
 .rel.got       0x000000000012f920        0x0 binaries/start.o
 .rel.iplt      0x000000000012f920        0x0 binaries/start.o
 .rel.text      0x000000000012f920        0x0 binaries/start.o

.data           0x000000000012f920     0x16e0
                0x000000000012f920                data = ABSOLUTE (.)
 *(.data .data.*)
 .data          0x000000000012f920      0x86a binaries/start.o
                0x000000000012f920                gdt
                0x000000000012f980                idt
                0x0000000000130186                cpudelay
 .data          0x000000000013018a        0x0 binaries/ascdate.o
 *fill*         0x000000000013018a       0x16 
 .data.rel.local
                0x00000000001301a0       0x88 binaries/ascdate.o
                0x00000000001301a0                Date
 .data          0x0000000000130228        0x0 binaries/bufinit.o
 .data          0x0000000000130228        0x0 binaries/chprio.o
 .data          0x0000000000130228        0x4 binaries/clkhandler.o
 .data          0x000000000013022c        0x0 binaries/clkinit.o
 .data          0x000000000013022c        0x0 binaries/close.o
 .data          0x000000000013022c        0x0 binaries/conf.o
 *fill*         0x000000000013022c       0x14 
 .data.rel      0x0000000000130240      0x5dc binaries/conf.o
                0x0000000000130240                devtab
 .data          0x000000000013081c        0x0 binaries/control.o
 .data          0x000000000013081c        0x4 binaries/create.o
 .data          0x0000000000130820        0x0 binaries/early_imr.o
 .data          0x0000000000130820        0x0 binaries/evec.o
 .data.rel.local
                0x0000000000130820       0x40 binaries/evec.o
                0x0000000000130820                inames
 .data          0x0000000000130860        0x0 binaries/exit.o
 .data          0x0000000000130860        0x0 binaries/freebuf.o
 .data          0x0000000000130860        0x0 binaries/freemem.o
 .data          0x0000000000130860        0x0 binaries/fscs.o
 .data          0x0000000000130860        0x0 binaries/fsdirlock.o
 .data          0x0000000000130860        0x0 binaries/fsmetrics.o
 .data          0x0000000000130860        0x0 binaries/fsworker.o
 .data          0x0000000000130860        0x0 binaries/getbuf.o
 .data          0x0000000000130860        0x0 binaries/getc.o
 .data          0x0000000000130860        0x0 binaries/getdev.o
 .data          0x0000000000130860        0x0 binaries/getitem.o
 .data          0x0000000000130860        0x0 binaries/getmem.o
 .data          0x0000000000130860        0x0 binaries/getpid.o
 .data          0x0000000000130860        0x0 binaries/getprio.o
 .data          0x0000000000130860        0x0 binaries/getstk.o
 .data          0x0000000000130860        0x0 binaries/gettime.o
 .data          0x0000000000130860        0x0 binaries/getutime.o
 .data          0x0000000000130860        0x0 binaries/init.o
 .data          0x0000000000130860        0x0 binaries/initialize.o
 .data          0x0000000000130860        0x0 binaries/insert.o
 .data          0x0000000000130860        0x0 binaries/insertd.o
 .data          0x0000000000130860        0x0 binaries/ioerr.o
 .data          0x0000000000130860        0x0 binaries/ionull.o
 .data          0x0000000000130860        0x0 binaries/kill.o
 .data          0x0000000000130860        0x0 binaries/kprintf.o
 .data          0x0000000000130860        0x0 binaries/main.o
 .data          0x0000000000130860        0x0 binaries/mark.o
 .data          0x0000000000130860       0x78 binaries/meminit.o
                0x0000000000130860                bootsign
                0x0000000000130864                bootinfo
                0x0000000000130880                gdt_copy
 .data          0x00000000001308d8        0x0 binaries/mkbufpool.o
 .data          0x00000000001308d8        0x0 binaries/netup.o
 .data          0x00000000001308d8        0x2 binaries/newqueue.o
 .data          0x00000000001308da        0x0 binaries/open.o
 .data          0x00000000001308da        0x0 binaries/panic.o
 .data          0x00000000001308da        0x0 binaries/pci.o
 .data          0x00000000001308da        0x0 binaries/platinit.o
 .data          0x00000000001308da        0x0 binaries/ptclear.o
 .data          0x00000000001308da        0x0 binaries/ptcount.o
 .data          0x00000000001308da        0x0 binaries/ptcreate.o
 .data          0x00000000001308da        0x0 binaries/ptdelete.o
 .data          0x00000000001308da        0x0 binaries/ptinit.o
 .data          0x00000000001308da        0x0 binaries/ptrecv.o
 .data          0x00000000001308da        0x0 binaries/ptreset.o
 .data          0x00000000001308da        0x0 binaries/ptsend.o
 .data          0x00000000001308da        0x0 binaries/putc.o
 .data          0x00000000001308da        0x0 binaries/quark_irq.o
 .data          0x00000000001308da        0x0 binaries/quark_pdat.o
 .data          0x00000000001308da        0x0 binaries/queue.o
 .data          0x00000000001308da        0x0 binaries/read.o
 .data          0x00000000001308da        0x0 binaries/ready.o
 .data          0x00000000001308da        0x0 binaries/receive.o
 .data          0x00000000001308da        0x0 binaries/recvclr.o
 .data          0x00000000001308da        0x0 binaries/recvtime.o
 .data          0x00000000001308da        0x0 binaries/remove.o
 .data          0x00000000001308da        0x0 binaries/rename.o
 .data          0x00000000001308da        0x0 binaries/resched.o
 .data          0x00000000001308da        0x0 binaries/resume.o