
Discarded input sections

 .group         0x0000000000000000        0x8 binaries/ascdate.o
 .group         0x0000000000000000        0x8 binaries/bufinit.o
 .group         0x0000000000000000        0x8 binaries/chprio.o
 .group         0x0000000000000000        0x8 binaries/clkhandler.o
 .text.__x86.get_pc_thunk.bx
                0x0000000000000000        0x4 binaries/clkhandler.o
 .group         0x0000000000000000        0x8 binaries/clkinit.o
 .text.__x86.get_pc_thunk.bx
                0x0000000000000000        0x4 binaries/clkinit.o
 .group         0x0000000000000000        0x8 binaries/close.o
 .text.__x86.get_pc_thunk.bx
                0x0000000000000000        0x4 binaries/close.o
 .group         0x0000000000000000        0x8 binaries/control.o
 .text.__x86.get_pc_thunk.bx
                0x0000000000000000        0x4 binaries/control.o
 .group         0x0000000000000000        0x8 binaries/create.o
 .group         0x0000000000000000        0x8 binaries/create.o
 .text.__x86.get_pc_thunk.cx
                0x0000000000000000        0x4 binaries/create.o
 .text.__x86.get_pc_thunk.bx
                0x0000000000000000        0x4 binaries/create.o
 .group         0x0000000000000000        0x8 binaries/early_imr.o
 .group         0x0000000000000000        0x8 binaries/early_imr.o
 .text.__x86.get_pc_thunk.ax
                0x0000000000000000        0x4 binaries/early_imr.o
 .text.__x86.get_pc_thunk.bx
                0x0000000000000000        0x4 binaries/early_imr.o
 .group         0x0000000000000000        0x8 binaries/evec.o
 .group         0x0000000000000000        0x8 binaries/evec.o
 .text.__x86.get_pc_thunk.ax
                0x0000000000000000        0x4 binaries/evec.o
 .text.__x86.get_pc_thunk.bx
                0x0000000000000000        0x4 binaries/evec.o
 .group         0x0000000000000000        0x8 binaries/exit.o
 .text.__x86.get_pc_thunk.bx
                0x0000000000000000        0x4 binaries/exit.o
 .group         0x0000000000000000        0x8 binaries/freebuf.o
 .text.__x86.get_pc_thunk.bx
                0x0000000000000000        0x4 binaries/freebuf.o
 .group         0x0000000000000000        0x8 binaries/freemem.o
 .text.__x86.get_pc_thunk.bx
                0x0000000000000000        0x4 binaries/freemem.o
 .group         0x0000000000000000        0x8 binaries/fsdirlock.o
 .text.__x86.get_pc_thunk.ax
                0x0000000000000000        0x4 binaries/fsdirlock.o
 .group         0x0000000000000000        0x8 binaries/fsmetrics.o
 .group         0x0000000000000000        0x8 binaries/fsmetrics.o
 .text.__x86.get_pc_thunk.ax
                0x0000000000000000        0x4 binaries/fsmetrics.o
 .text.__x86.get_pc_thunk.bx
                0x0000000000000000        0x4 binaries/fsmetrics.o
 .group         0x0000000000000000        0x8 binaries/fsworker.o
 .group         0x0000000000000000        0x8 binaries/fsworker.o
 .text.__x86.get_pc_thunk.ax
                0x0000000000000000        0x4 binaries/fsworker.o
 .text.__x86.get_pc_thunk.bx
                0x0000000000000000        0x4 binaries/fsworker.o
 .group         0x0000000000000000        0x8 binaries/getbuf.o
 .text.__x86.get_pc_thunk.bx
                0x0000000000000000        0x4 binaries/getbuf.o
 .group         0x0000000000000000        0x8 binaries/getc.o
 .text.__x86.get_pc_thunk.bx
                0x0000000000000000        0x4 binaries/getc.o
 .group         0x0000000000000000        0x8 binaries/getdev.o
 .text.__x86.get_pc_thunk.bx
                0x0000000000000000        0x4 binaries/getdev.o
 .group         0x0000000000000000        0x8 binaries/getitem.o
 .group         0x0000000000000000        0x8 binaries/getitem.o
 .text.__x86.get_pc_thunk.ax
                0x0000000000000000        0x4 binaries/getitem.o
 .group         0x0000000000000000        0x8 binaries/getmem.o
 .text.__x86.get_pc_thunk.bx
                0x0000000000000000        0x4 binaries/getmem.o
 .group         0x0000000000000000        0x8 binaries/getpid.o
 .text.__x86.get_pc_thunk.ax
                0x0000000000000000        0x4 binaries/getpid.o
 .group         0x0000000000000000        0x8 binaries/getprio.o
 .text.__x86.get_pc_thunk.bx
                0x0000000000000000        0x4 binaries/getprio.o
 .group         0x0000000000000000        0x8 binaries/getstk.o
 .text.__x86.get_pc_thunk.bx
                0x0000000000000000        0x4 binaries/getstk.o
 .group         0x0000000000000000        0x8 binaries/gettime.o
 .text.__x86.get_pc_thunk.ax
                0x0000000000000000        0x4 binaries/gettime.o
 .group         0x0000000000000000        0x8 binaries/getutime.o
 .text.__x86.get_pc_thunk.bx
                0x0000000000000000        0x4 binaries/getutime.o
 .group         0x0000000000000000        0x8 binaries/init.o
 .text.__x86.get_pc_thunk.bx
                0x0000000000000000        0x4 binaries/init.o
 .group         0x0000000000000000        0x8 binaries/initialize.o
[...]
Memory Configuration

Name             Origin             Length             Attributes
*default*        0x0000000000000000 0xffffffffffffffff

Linker script and memory map

                0x0000000000100000                physbase = 0x100000
                0x0000000000100000                . = physbase
                0x0000000000100000                . = ALIGN (0x1000)

.text           0x0000000000100000    0x2b000
                0x0000000000100000                text = ABSOLUTE (.)
 *(.text .text.*)
 .text          0x0000000000100000      0x1a8 binaries/start.o
                0x0000000000100024                start
                0x00000000001000f6                inb
                0x00000000001000fe                inw
                0x0000000000100107                inl
                0x000000000010010f                outb
                0x0000000000100119                outw
                0x0000000000100124                outl
                0x000000000010012e                _rtcin
                0x0000000000100139                ___udivsi3
                0x0000000000100144                ___divsi3
                0x0000000000100150                sbzero
                0x0000000000100160                bcopy
                0x0000000000100174                insw
                0x000000000010018a                outsw
                0x00000000001001a0                lidt
 .text          0x00000000001001a8      0x406 binaries/ascdate.o
                0x00000000001001a8                ascdate
 .text.__x86.get_pc_thunk.cx
                0x00000000001005ae        0x4 binaries/ascdate.o
                0x00000000001005ae                __x86.get_pc_thunk.cx
 .text          0x00000000001005b2       0x1e binaries/bufinit.o
                0x00000000001005b2                bufinit
 .text.__x86.get_pc_thunk.ax
                0x00000000001005d0        0x4 binaries/bufinit.o
                0x00000000001005d0                __x86.get_pc_thunk.ax
 .text          0x00000000001005d4       0xa4 binaries/chprio.o
                0x00000000001005d4                chprio
 .text.__x86.get_pc_thunk.bx
                0x0000000000100678        0x4 binaries/chprio.o
                0x0000000000100678                __x86.get_pc_thunk.bx
 .text          0x000000000010067c       0xd7 binaries/clkhandler.o
                0x000000000010067c                clkhandler
 .text          0x0000000000100753       0x91 binaries/clkinit.o
                0x0000000000100753                clkinit
 .text          0x00000000001007e4       0x88 binaries/close.o
                0x00000000001007e4                close
 .text          0x000000000010086c        0x0 binaries/conf.o
 .text          0x000000000010086c       0x8e binaries/control.o
                0x000000000010086c                control
 .text          0x00000000001008fa      0x3a7 binaries/create.o
                0x00000000001008fa                create
 .text          0x0000000000100ca1      0x31e binaries/early_imr.o
                0x0000000000100ca1                intel_cln_early_sb_read_reg
                0x0000000000100d34                intel_cln_early_sb_write_reg
                0x0000000000100f1f                remove_irm_protections
 .text          0x0000000000100fbf      0x4bd binaries/evec.o
                0x0000000000100fbf                initevec
                0x00000000001010ce                set_evec
                0x0000000000101188                setirmask
                0x00000000001011f5                trap
 .text          0x000000000010147c       0x2b binaries/exit.o
                0x000000000010147c                exit
 .text          0x00000000001014a7       0xa3 binaries/freebuf.o
                0x00000000001014a7                freebuf
 .text          0x000000000010154a      0x1fd binaries/freemem.o
                0x000000000010154a                freemem
 .text          0x0000000000101747       0x30 binaries/fsdirlock.o
                0x0000000000101747                fs_dirlock_init
                0x0000000000101757                fs_dirlock_acquire
                0x0000000000101767                fs_dirlock_release
 .text          0x0000000000101777      0x26f binaries/fsmetrics.o
                0x00000000001017be                fsmetrics_reset
                0x0000000000101816                fsmetrics_record
                0x00000000001018e0                fsmetrics_dump
 .text          0x00000000001019e6      0x397 binaries/fsworker.o
                0x0000000000101a86                fs_worker
                0x0000000000101cda                fs_run_experiment
 .text          0x0000000000101d7d       0xa1 binaries/getbuf.o
                0x0000000000101d7d                getbuf
 .text          0x0000000000101e1e       0x88 binaries/getc.o
                0x0000000000101e1e                getc
 .text          0x0000000000101ea6       0x88 binaries/getdev.o
                0x0000000000101ea6                getdev
 .text          0x0000000000101f2e      0x115 binaries/getitem.o
                0x0000000000101f2e                getfirst
                0x0000000000101f86                getlast
                0x0000000000101fe0                getitem
 .text.__x86.get_pc_thunk.dx
                0x0000000000102043        0x4 binaries/getitem.o
                0x0000000000102043                __x86.get_pc_thunk.dx
 .text          0x0000000000102047      0x134 binaries/getmem.o
                0x0000000000102047                getmem
 .text          0x000000000010217b       0x17 binaries/getpid.o
                0x000000000010217b                getpid
 .text          0x0000000000102192       0x8e binaries/getprio.o
                0x0000000000102192                getprio
 .text          0x0000000000102220      0x11b binaries/getstk.o
                0x0000000000102220                getstk
 .text          0x000000000010233b       0x4c binaries/gettime.o
                0x000000000010233b                gettime
 .text          0x0000000000102387      0x34f binaries/getutime.o
                0x0000000000102387                getutime
 .text          0x00000000001026d6       0x88 binaries/init.o
                0x00000000001026d6                init
 .text          0x000000000010275e      0x36d binaries/initialize.o
                0x000000000010275e                nulluser
                0x0000000000102a58                stop
                0x0000000000102a93                delay
 .text          0x0000000000102acb      0x105 binaries/insert.o
                0x0000000000102acb                insert
 .text          0x0000000000102bd0      0x13e binaries/insertd.o
                0x0000000000102bd0                insertd
 .text          0x0000000000102d0e       0x14 binaries/ioerr.o
                0x0000000000102d0e                ioerr
 .text          0x0000000000102d22       0x14 binaries/ionull.o
                0x0000000000102d22                ionull
 .text          0x0000000000102d36      0x1ca binaries/kill.o
                0x0000000000102d36                kill
 .text          0x0000000000102f00      0x120 binaries/kprintf.o
                0x0000000000102f00                kputc
                0x0000000000102f75                kgetc
                0x0000000000102fe2                kprintf
 .text          0x0000000000103020      0x16d binaries/main.o
                0x0000000000103072                main
 .text          0x000000000010318d       0xde binaries/mark.o
                0x000000000010318d                markinit
                0x00000000001031c4                mark
 .text          0x000000000010326b      0x331 binaries/meminit.o
                0x000000000010326b                meminit
                0x00000000001034b4                setsegs
 .text          0x000000000010359c      0x179 binaries/mkbufpool.o
                0x000000000010359c                mkbufpool
 .text          0x0000000000103715       0x5e binaries/netup.o
                0x0000000000103715                netup
 .text          0x0000000000103773       0xbb binaries/newqueue.o
                0x0000000000103773                newqueue
 .text          0x000000000010382e       0x8e binaries/open.o
                0x000000000010382e                open
 .text          0x00000000001038bc       0x2e binaries/panic.o
                0x00000000001038bc                panic
 .text          0x00000000001038ea      0x4bb binaries/pci.o
                0x00000000001038ea                pci_init
                0x00000000001039b4                find_pci_device
                0x0000000000103aa7                pci_read_config_byte
                0x0000000000103b11                pci_read_config_word
                0x0000000000103b7d                pci_read_config_dword
                0x0000000000103be7                pci_write_config_byte
                0x0000000000103c55                pci_write_config_word
                0x0000000000103cc5                pci_write_config_dword
                0x0000000000103d2d                pci_get_dev_mmio_base_addr
 .text          0x0000000000103da5       0xd7 binaries/platinit.o
                0x0000000000103da5                console_init
                0x0000000000103e04                platinit
 .text          0x0000000000103e7c      0x107 binaries/ptclear.o
                0x0000000000103e7c                _ptclear
 .text          0x0000000000103f83       0xb1 binaries/ptcount.o
                0x0000000000103f83                ptcount
 .text          0x0000000000104034      0x136 binaries/ptcreate.o
                0x0000000000104034                ptcreate
 .text          0x000000000010416a       0x96 binaries/ptdelete.o
                0x000000000010416a                ptdelete
 .text          0x0000000000104200       0xd9 binaries/ptinit.o
                0x0000000000104200                ptinit
 .text          0x00000000001042d9      0x137 binaries/ptrecv.o
                0x00000000001042d9                ptrecv
 .text          0x0000000000104410       0x8b binaries/ptreset.o
                0x0000000000104410                ptreset
 .text          0x000000000010449b      0x15c binaries/ptsend.o
                0x000000000010449b                ptsend
 .text          0x00000000001045f7       0x93 binaries/putc.o
                0x00000000001045f7                putc
 .text          0x000000000010468a       0xdd binaries/quark_irq.o
                0x000000000010468a                quark_irq_routing
 .text          0x0000000000104767      0x213 binaries/quark_pdat.o
                0x0000000000104767                get_quark_pdat_entry_data_by_id
                0x000000000010486b                get_quark_pdat_entry_data_by_desc
 .text          0x000000000010497a      0x130 binaries/queue.o
                0x000000000010497a                enqueue
                0x0000000000104a2c                dequeue
 .text          0x0000000000104aaa       0x8e binaries/read.o
                0x0000000000104aaa                read
 .text          0x0000000000104b38       0x8a binaries/ready.o
                0x0000000000104b38                ready
 .text          0x0000000000104bc2       0x76 binaries/receive.o
                0x0000000000104bc2                receive
 .text          0x0000000000104c38       0x72 binaries/recvclr.o
                0x0000000000104c38                recvclr
 .text          0x0000000000104caa       0xd7 binaries/recvtime.o
                0x0000000000104caa                recvtime
 .text          0x0000000000104d81       0x76 binaries/remove.o
                0x0000000000104d81                remove
 .text          0x0000000000104df7       0xd4 binaries/rename.o
                0x0000000000104df7                rename
 .text          0x0000000000104ecb      0x1b0 binaries/resched.o
                0x0000000000104ecb                resched
                0x0000000000104ff5                resched_cntl
 .text          0x000000000010507b       0xc1 binaries/resume.o
                0x000000000010507b                resume
 .text          0x000000000010513c       0x8c binaries/seek.o
                0x000000000010513c                seek
 .text          0x00000000001051c8       0x89 binaries/semcount.o
                0x00000000001051c8                semcount
 .text          0x0000000000105251      0x102 binaries/semcreate.o
                0x0000000000105251                semcreate
 .text          0x0000000000105353       0xe1 binaries/semdelete.o
                0x0000000000105353                semdelete
 .text          0x0000000000105434       0xe5 binaries/semreset.o
                0x0000000000105434                semreset
 .text          0x0000000000105519       0xfd binaries/send.o
                0x0000000000105519                send
 .text          0x0000000000105616       0xcf binaries/showmema.o
                0x0000000000105616                showmema
 .text          0x00000000001056e5       0xbc binaries/signal.o
                0x00000000001056e5                signal
 .text          0x00000000001057a1       0xea binaries/signaln.o
                0x00000000001057a1                signaln
 .text          0x000000000010588b      0x10b binaries/sleep.o
                0x000000000010588b                sleep
                0x00000000001058df                sleepms
 .text          0x0000000000105996       0x14 binaries/ssignal.o
                0x0000000000105996                ssignal
 .text          0x00000000001059aa      0x1ce binaries/stacktrace.o
                0x00000000001059aa                stacktrace
 .text          0x0000000000105b78       0xf7 binaries/suspend.o
                0x0000000000105b78                suspend
 .text          0x0000000000105c6f       0x14 binaries/swait.o
                0x0000000000105c6f                swait
 .text          0x0000000000105c83      0x102 binaries/unsleep.o
                0x0000000000105c83                unsleep
 .text          0x0000000000105d85       0x2b binaries/userret.o
                0x0000000000105d85                userret
 .text          0x0000000000105db0       0xf7 binaries/wait.o
                0x0000000000105db0                wait
 .text          0x0000000000105ea7       0x9a binaries/wakeup.o
                0x0000000000105ea7                wakeup
 .text          0x0000000000105f41       0x8e binaries/write.o
                0x0000000000105f41                write
 .text          0x0000000000105fcf       0x31 binaries/xdone.o
                0x0000000000105fcf                xdone
 .text          0x0000000000106000       0x39 binaries/yield.o
                0x0000000000106000                yield
 .text          0x0000000000106039       0x1b binaries/abs.o
                0x0000000000106039                abs
 .text          0x0000000000106054       0xa1 binaries/atoi.o
                0x0000000000106054                atoi
 .text          0x00000000001060f5       0xa1 binaries/atol.o
                0x00000000001060f5                atol
 .text          0x0000000000106196       0x3e binaries/bzero.o
                0x0000000000106196                bzero
 .text          0x00000000001061d4        0x0 binaries/ctype_.o
 .text          0x00000000001061d4      0x84d binaries/doprnt.o
                0x00000000001061d4                _doprnt
 .text          0x0000000000106a21      0x707 binaries/doscan.o
                0x0000000000106a21                _doscan
 .text.__x86.get_pc_thunk.di
                0x0000000000107128        0x4 binaries/doscan.o
                0x0000000000107128                __x86.get_pc_thunk.di
 .text          0x000000000010712c      0x777 binaries/fdoprnt.o
                0x000000000010712c                _fdoprnt
 .text          0x00000000001078a3       0x3b binaries/fgetc.o
                0x00000000001078a3                fgetc
 .text          0x00000000001078de       0x86 binaries/fgets.o
                0x00000000001078de                fgets
 .text          0x0000000000107964       0xb5 binaries/fprintf.o
                0x0000000000107964                fprintf
 .text          0x0000000000107a19       0x3e binaries/fputc.o
                0x0000000000107a19                fputc
 .text          0x0000000000107a57       0x54 binaries/fputs.o
                0x0000000000107a57                fputs
 .text          0x0000000000107aab       0xbc binaries/fscanf.o
                0x0000000000107aab                fscanf
 .text          0x0000000000107b67       0x48 binaries/getchar.o
                0x0000000000107b67                getchar
 .text          0x0000000000107baf       0x65 binaries/isatty.o
                0x0000000000107baf                isatty
 .text          0x0000000000107c14       0x1b binaries/labs.o
                0x0000000000107c14                labs
 .text          0x0000000000107c2f       0x46 binaries/memchr.o
                0x0000000000107c2f                memchr
 .text          0x0000000000107c75       0x5c binaries/memcmp.o
                0x0000000000107c75                memcmp
 .text          0x0000000000107cd1       0x49 binaries/memcpy.o
                0x0000000000107cd1                memcpy
 .text          0x0000000000107d1a       0x3e binaries/memset.o
                0x0000000000107d1a                memset
 .text          0x0000000000107d58       0xd7 binaries/printf.o
                0x0000000000107d58                printf
 .text          0x0000000000107e2f       0x4b binaries/putchar.o
                0x0000000000107e2f                putchar
 .text          0x0000000000107e7a      0x27a binaries/qsort.o
                0x0000000000107e7a                qsort
 .text          0x00000000001080f4       0x4e binaries/rand.o
                0x00000000001080f4                srand
                0x000000000010810d                rand
 .text          0x0000000000108142       0x86 binaries/sprintf.o
                0x0000000000108142                sprintf
 .text          0x00000000001081c8       0x9a binaries/sscanf.o
                0x00000000001081c8                sscanf
 .text          0x0000000000108262       0x4d binaries/strcat.o
                0x0000000000108262                strcat
 .text          0x00000000001082af       0x46 binaries/strchr.o
                0x00000000001082af                strchr
 .text          0x00000000001082f5       0x4f binaries/strcmp.o
                0x00000000001082f5                strcmp
 .text          0x0000000000108344       0x3a binaries/strcpy.o
                0x0000000000108344                strcpy
 .text          0x000000000010837e       0x31 binaries/strlen.o
                0x000000000010837e                strlen
 .text          0x00000000001083af       0x62 binaries/strncat.o
                0x00000000001083af                strncat
 .text          0x0000000000108411       0x68 binaries/strncmp.o
                0x0000000000108411                strncmp
 .text          0x0000000000108479       0x59 binaries/strncpy.o
                0x0000000000108479                strncpy
 .text          0x00000000001084d2       0x3a binaries/strnlen.o
                0x00000000001084d2                strnlen
 .text          0x000000000010850c       0x54 binaries/strpbrk.o
                0x000000000010850c                strpbrk
 .text          0x0000000000108560       0x51 binaries/strrchr.o
                0x0000000000108560                strrchr
 .text          0x00000000001085b1       0x59 binaries/strspn.o
                0x00000000001085b1                strspn
 .text          0x000000000010860a       0x7a binaries/strstr.o
                0x000000000010860a                strstr
 .text          0x0000000000108684       0xa8 binaries/strtok.o
                0x0000000000108684                strtok
 .text          0x000000000010872c       0xcf binaries/strtol.o
                0x000000000010872c                strtol
 .text          0x00000000001087fb       0x8f binaries/strtoul.o
                0x00000000001087fb                strtoul
 .text          0x000000000010888a       0x26 binaries/tolower.o
                0x000000000010888a                tolower
 .text          0x00000000001088b0       0x26 binaries/toupper.o
                0x00000000001088b0                toupper
 .text          0x00000000001088d6      0x22e binaries/xstoul.o
                0x00000000001088d6                _Stoul
 .text          0x0000000000108b04       0xfd binaries/ttycontrol.o
                0x0000000000108b04                ttycontrol
 .text          0x0000000000108c01       0xad binaries/ttygetc.o
                0x0000000000108c01                ttygetc
 .text          0x0000000000108cae      0x71e binaries/ttyhandle_in.o
                0x0000000000108cae                ttyhandle_in
 .text          0x00000000001093cc      0x196 binaries/ttyhandle_out.o
                0x00000000001093cc                ttyhandle_out
 .text          0x0000000000109562       0xd1 binaries/ttyhandler.o
                0x0000000000109562                ttyhandler
 .text          0x0000000000109633      0x201 binaries/ttyinit.o
                0x0000000000109633                ttyinit
 .text          0x0000000000109834       0x1a binaries/ttykickout.o
                0x0000000000109834                ttykickout
 .text          0x000000000010984e       0xcb binaries/ttyputc.o
                0x000000000010984e                ttyputc
 .text          0x0000000000109919      0x12d binaries/ttyread.o
                0x0000000000109919                ttyread
 .text          0x0000000000109a46       0x5e binaries/ttywrite.o
                0x0000000000109a46                ttywrite
 .text          0x0000000000109aa4      0x178 binaries/mount.o
                0x0000000000109aa4                mount
                0x0000000000109bda                namlen
 .text          0x0000000000109c1c      0x220 binaries/naminit.o
                0x0000000000109c1c                naminit
 .text          0x0000000000109e3c      0x26f binaries/nammap.o
                0x0000000000109e3c                nammap
                0x0000000000109edb                namrepl
                0x000000000010a029                namcpy
 .text          0x000000000010a0ab       0x5f binaries/namopen.o
                0x000000000010a0ab                namopen
 .text          0x000000000010a10a      0x1bb binaries/colon2mac.o
                0x000000000010a10a                colon2mac
 .text          0x000000000010a2c5       0xb2 binaries/ethcontrol.o
                0x000000000010a2c5                ethcontrol
 .text          0x000000000010a377      0x1a0 binaries/ethhandler.o
                0x000000000010a377                ethhandler
 .text          0x000000000010a517      0x7b0 binaries/ethinit.o
                0x000000000010a517                eth_phy_read
                0x000000000010a58b                eth_phy_write
                0x000000000010a60a                eth_phy_reset
                0x000000000010a75e                ethinit
 .text          0x000000000010acc7      0x1a0 binaries/ethmcast.o
                0x000000000010acc7                ethmcast_add
                0x000000000010ad56                ethmcast_remove
 .text          0x000000000010ae67      0x1a3 binaries/ethread.o
                0x000000000010ae67                ethread
 .text          0x000000000010b00a      0x10c binaries/ethwrite.o
                0x000000000010b00a                ethwrite
 .text          0x000000000010b116       0xb1 binaries/rdsbufalloc.o
                0x000000000010b116                rdsbufalloc
 .text          0x000000000010b1c7       0xd1 binaries/rdsclose.o
                0x000000000010b1c7                rdsclose
 .text          0x000000000010b298      0x2d4 binaries/rdscomm.o
                0x000000000010b298                rdscomm
 .text          0x000000000010b56c      0x20a binaries/rdscontrol.o
                0x000000000010b56c                rdscontrol
 .text          0x000000000010b776      0x20b binaries/rdsinit.o
                0x000000000010b776                rdsinit
 .text          0x000000000010b981      0x1a6 binaries/rdsopen.o
                0x000000000010b981                rdsopen
 .text          0x000000000010bb27      0x477 binaries/rdsprocess.o
                0x000000000010bb27                rdsprocess
 .text          0x000000000010bf9e      0x23f binaries/rdsread.o
                0x000000000010bf9e                rdsread
 .text          0x000000000010c1dd      0x1df binaries/rdswrite.o
                0x000000000010c1dd                rdswrite
 .text          0x000000000010c3bc       0x14 binaries/ramclose.o
                0x000000000010c3bc                ramclose
 .text          0x000000000010c3d0       0x57 binaries/raminit.o
                0x000000000010c3d0                raminit
 .text          0x000000000010c427       0x14 binaries/ramopen.o
                0x000000000010c427                ramopen
 .text          0x000000000010c43b       0x49 binaries/ramread.o
                0x000000000010c43b                ramread
 .text          0x000000000010c484       0x49 binaries/ramwrite.o
                0x000000000010c484                ramwrite
 .text          0x000000000010c4cd       0xc6 binaries/lfdballoc.o
                0x000000000010c4cd                lfdballoc
 .text          0x000000000010c593       0x6e binaries/lfdbfree.o
                0x000000000010c593                lfdbfree
 .text          0x000000000010c601       0xe2 binaries/lfflush.o
                0x000000000010c601                lfflush
 .text          0x000000000010c6e3      0x10d binaries/lfgetmode.o
                0x000000000010c6e3                lfgetmode
 .text          0x000000000010c7f0       0x94 binaries/lfiballoc.o
                0x000000000010c7f0                lfiballoc
 .text          0x000000000010c884       0x47 binaries/lfibclear.o
                0x000000000010c884                lfibclear
 .text          0x000000000010c8cb       0xba binaries/lfibget.o
                0x000000000010c8cb                lfibget
 .text          0x000000000010c985       0xe9 binaries/lfibput.o
                0x000000000010c985                lfibput
 .text          0x000000000010ca6e       0xbd binaries/lflclose.o
                0x000000000010ca6e                lflclose
 .text          0x000000000010cb2b      0x146 binaries/lflcontrol.o
                0x000000000010cb2b                lflcontrol
 .text          0x000000000010cc71      0x128 binaries/lflgetc.o
                0x000000000010cc71                lflgetc
 .text          0x000000000010cd99      0x102 binaries/lflinit.o
                0x000000000010cd99                lflinit
 .text          0x000000000010ce9b      0x13c binaries/lflputc.o
                0x000000000010ce9b                lflputc
 .text          0x000000000010cfd7       0xa3 binaries/lflread.o
                0x000000000010cfd7                lflread
 .text          0x000000000010d07a       0xc0 binaries/lflseek.o
                0x000000000010d07a                lflseek
 .text          0x000000000010d13a       0x66 binaries/lflwrite.o
                0x000000000010d13a                lflwrite
 .text          0x000000000010d1a0      0x157 binaries/lfsckfmt.o
                0x000000000010d1a0                lfsckfmt
 .text          0x000000000010d2f7      0xa13 binaries/lfscontrol.o
                0x000000000010d493                lfscontrol
 .text          0x000000000010dd0a      0x201 binaries/lfscreate.o
                0x000000000010dd0a                lfscreate
 .text          0x000000000010df0b      0x2a5 binaries/lfsetup.o
                0x000000000010df0b                lfsetup
 .text          0x000000000010e1b0       0x67 binaries/lfsinit.o
                0x000000000010e1b0                lfsinit
 .text          0x000000000010e217      0x541 binaries/lfsopen.o
                0x000000000010e217                lfsopen
 .text          0x000000000010e758      0x18c binaries/lftruncate.o
                0x000000000010e758                lftruncate
 .text          0x000000000010e8e4       0x91 binaries/rflclose.o
                0x000000000010e8e4                rflclose
 .text          0x000000000010e975       0x51 binaries/rflgetc.o
                0x000000000010e975                rflgetc
 .text          0x000000000010e9c6       0x88 binaries/rflinit.o
                0x000000000010e9c6                rflinit
 .text          0x000000000010ea4e       0x45 binaries/rflputc.o
                0x000000000010ea4e                rflputc
 .text          0x000000000010ea93      0x398 binaries/rflread.o
                0x000000000010ea93                rflread
 .text          0x000000000010ee2b       0x94 binaries/rflseek.o
                0x000000000010ee2b                rflseek
 .text          0x000000000010eebf      0x383 binaries/rflwrite.o
                0x000000000010eebf                rflwrite
 .text          0x000000000010f242      0x21f binaries/rfscomm.o
                0x000000000010f242                rfscomm
 .text          0x000000000010f461      0x3b1 binaries/rfscontrol.o
                0x000000000010f461                rfscontrol
 .text          0x000000000010f812       0xeb binaries/rfsgetmode.o
                0x000000000010f812                rfsgetmode
 .text          0x000000000010f8fd       0xd8 binaries/rfsinit.o
                0x000000000010f8fd                rfsinit
 .text          0x000000000010f9d5      0x124 binaries/rfsndmsg.o
                0x000000000010f9d5                rfsndmsg
 .text          0x000000000010faf9      0x2e5 binaries/rfsopen.o
                0x000000000010faf9                rfsopen
 .text          0x000000000010fdde       0x14 binaries/uechoclose.o
                0x000000000010fdde                uechoclose
 .text          0x000000000010fdf2       0x14 binaries/uechocontrol.o
                0x000000000010fdf2                uechocontrol
 .text          0x000000000010fe06      0x472 binaries/uechoget.o
                0x000000000010fe4f                uechoget
 .text          0x0000000000110278      0x187 binaries/uechoinit.o
                0x0000000000110278                uechoinit
                0x00000000001102c6                ueproc
                0x000000000011035a                ueconn
 .text          0x00000000001103ff       0xf6 binaries/uechoopen.o
                0x00000000001103ff                uechoopen
 .text          0x00000000001104f5       0xf9 binaries/uechoputc.o
                0x00000000001104f5                uechoput
 .text          0x00000000001105ee       0x7f binaries/uechoread.o
                0x00000000001105ee                uechoread
 .text          0x000000000011066d      0x167 binaries/uechowrite.o
                0x000000000011066d                uechowrite
 .text          0x00000000001107d4      0x8ec binaries/arp.o
                0x00000000001107d4                arp_init
                0x000000000011081b                arp_resolve
                0x0000000000110b0a                arp_in
                0x0000000000110dee                arp_alloc
                0x0000000000110ed2                arp_ntoh
                0x0000000000110fc9                arp_hton
 .text          0x00000000001110c0      0xaa6 binaries/dhcp.o
                0x00000000001110c0                dhcp_get_opt_val
                0x0000000000111125                dhcp_bld_bootp_msg
                0x000000000011124e                dhcp_bld_disc
                0x0000000000111329                dhcp_bld_req
                0x000000000011147d                getlocalip
 .text          0x0000000000111b66      0x54e binaries/dns.o
                0x0000000000111b66                dns_qa
                0x0000000000111d50                dns_bldq
                0x0000000000111e31                dns_geta
                0x0000000000111fc1                dns_getrname
 .text          0x00000000001120b4       0xf6 binaries/dot2ip.o
                0x00000000001120b4                dot2ip
 .text          0x00000000001121aa      0x52c binaries/hexdump.o
                0x00000000001121aa                hexdump
                0x000000000011237a                hexadump
 .text          0x00000000001126d6      0x945 binaries/icmp.o
                0x00000000001126d6                icmp_init
                0x000000000011271c                icmp_in
                0x00000000001128fd                icmp_register
                0x0000000000112a09                icmp_recv
                0x0000000000112ba9                icmp_send
                0x0000000000112c40                icmp_mkpkt
                0x0000000000112d76                icmp_release
                0x0000000000112e85                icmp_cksum
                0x0000000000112f1d                icmp_hton
                0x0000000000112f9c                icmp_ntoh
 .text          0x000000000011301b      0x978 binaries/ip.o
                0x000000000011301b                ip_in
                0x00000000001131c2                ip_send
                0x0000000000113346                ip_local
                0x00000000001133a9                ip_out
                0x00000000001134f3                ipcksum
                0x0000000000113585                ip_ntoh
                0x000000000011367c                ip_hton
                0x0000000000113773                ipout
                0x00000000001138ca                ip_enqueue
 .text          0x0000000000113993      0x2ea binaries/net.o
                0x0000000000113993                net_init
                0x0000000000113b42                netin
                0x0000000000113c13                eth_hton
                0x0000000000113c48                eth_ntoh
 .text          0x0000000000113c7d      0x175 binaries/netstart.o
                0x0000000000113c7d                netstart
 .text          0x0000000000113df2     0x15cf binaries/pdump.o
                0x0000000000113df2                pdump
                0x0000000000114c69                pdumph
 .text          0x00000000001153c1      0x68e binaries/tftp.o
                0x00000000001153c1                tftp_send1
                0x0000000000115556                tftpget
                0x0000000000115594                tftpget_mb
 .text          0x0000000000115a4f      0xc94 binaries/udp.o
                0x0000000000115a4f                udp_init
                0x0000000000115a9a                udp_in
                0x0000000000115bf4                udp_register
                0x0000000000115d4e                udp_recv
                0x0000000000115f04                udp_recvaddr
                0x00000000001160d2                udp_send
                0x00000000001162dc                udp_sendto
                0x00000000001164d2                udp_release
                0x00000000001165e5                udp_ntoh
                0x0000000000116664                udp_hton
 .text          0x00000000001166e3      0x192 binaries/addargs.o
                0x00000000001166e3                addargs
 .text          0x0000000000116875      0x2dd binaries/lexan.o
                0x0000000000116875                lexan
 .text          0x0000000000116b52      0x927 binaries/shell.o
                0x0000000000116b52                shell
 .text          0x0000000000117479       0x80 binaries/xsh_argecho.o
                0x0000000000117479                xsh_argecho
 .text          0x00000000001174f9      0x2d0 binaries/xsh_arp.o
                0x00000000001174f9                xsh_arp
 .text          0x00000000001177c9     0x3262 binaries/xsh_basic.o
                0x000000000011a64b                xsh_basic
 .text          0x000000000011aa2b      0x2ef binaries/xsh_cat.o
                0x000000000011aa2b                xsh_cat
 .text          0x000000000011ad1a       0x7a binaries/xsh_clear.o
                0x000000000011ad1a                xsh_clear
 .text          0x000000000011ad94      0x1f6 binaries/xsh_cp.o
                0x000000000011ad94                xsh_cp
 .text          0x000000000011af8a      0x354 binaries/xsh_date.o
                0x000000000011af8a                xsh_date
 .text          0x000000000011b2de       0xcd binaries/xsh_devdump.o
                0x000000000011b2de                xsh_devdump
 .text          0x000000000011b3ab      0x594 binaries/xsh_dine.o
                0x000000000011b3ab                take_forks
                0x000000000011b3fb                put_forks
                0x000000000011b44b                phil_func
                0x000000000011b58f                xsh_dine
 .text          0x000000000011b93f     0x20a5 binaries/xsh_e0.o
                0x000000000011b93f                xmalloc
                0x000000000011bbbd                fail
                0x000000000011bd08                printn
                0x000000000011d639                xsh_e0
 .text          0x000000000011d9e4       0x89 binaries/xsh_echo.o
                0x000000000011d9e4                xsh_echo
 .text          0x000000000011da6d       0x14 binaries/xsh_exit.o
                0x000000000011da6d                xsh_exit
 .text          0x000000000011da81      0x1bc binaries/xsh_fsbench.o
                0x000000000011da81                xsh_fsbench
 .text          0x000000000011dc3d      0x3e8 binaries/xsh_help.o
                0x000000000011dc3d                xsh_help
 .text          0x000000000011e025      0x6c2 binaries/xsh_ipaddr.o
                0x000000000011e025                xsh_ipaddr
 .text          0x000000000011e6e7      0x287 binaries/xsh_kill.o
                0x000000000011e6e7                xsh_kill
 .text          0x000000000011e96e      0x5c3 binaries/xsh_ls.o
                0x000000000011e9ad                xsh_ls
 .text          0x000000000011ef31      0x43b binaries/xsh_memdump.o
                0x000000000011ef31                xsh_memdump
 .text          0x000000000011f36c      0x31c binaries/xsh_memstat.o
                0x000000000011f36c                xsh_memstat
 .text          0x000000000011f688      0x2e5 binaries/xsh_mklfs.o
                0x000000000011f688                xsh_mklfs
 .text          0x000000000011f96d      0x32e binaries/xsh_msr.o
                0x000000000011f96d                xsh_msr
 .text          0x000000000011fc9b      0x286 binaries/xsh_netstat.o
                0x000000000011fc9b                xsh_netstat
 .text          0x000000000011ff21      0x4ef binaries/xsh_ping.o
                0x000000000011ff21                xsh_ping
 .text          0x0000000000120410      0x27c binaries/xsh_ps.o
                0x0000000000120410                xsh_ps
 .text          0x000000000012068c       0x66 binaries/xsh_reboot.o
                0x000000000012068c                xsh_reboot
 .text          0x00000000001206f2       0xff binaries/xsh_rename.o
                0x00000000001206f2                xsh_rename
 .text          0x00000000001207f1      0x125 binaries/xsh_rm.o
                0x00000000001207f1                xsh_rm
 .text          0x0000000000120916      0x2f2 binaries/xsh_sleep.o
                0x0000000000120916                xsh_sleep
 .text          0x0000000000120c08      0x13e binaries/xsh_ss.o
                0x0000000000120c08                xsh_ss
 .text          0x0000000000120d46      0x34b binaries/xsh_sum.o
                0x0000000000120d46                xsh_sum
 .text          0x0000000000121091      0x3f8 binaries/xsh_tail.o
                0x0000000000121140                xsh_tail
 .text          0x0000000000121489     0x1668 binaries/xsh_tftp.o
                0x0000000000122834                xsh_tftp
 .text          0x0000000000122af1      0x582 binaries/xsh_tsetjmp.o
                0x0000000000122af1                getans
                0x0000000000122e5f                xsh_tsetjmp
 .text          0x0000000000123073      0x2dd binaries/xsh_udpdump.o
                0x0000000000123073                xsh_udpdump
 .text          0x0000000000123350      0x535 binaries/xsh_udpecho.o
                0x0000000000123350                xsh_udpecho
 .text          0x0000000000123885      0x2fb binaries/xsh_udpeserver.o
                0x0000000000123885                xsh_udpeserver
 .text          0x0000000000123b80      0x31b binaries/xsh_uptime.o
                0x0000000000123b80                xsh_uptime
 .text          0x0000000000123e9b        0xe binaries/clkdisp.o
                0x0000000000123e9b                clkdisp
 .text          0x0000000000123ea9       0x19 binaries/ctxsw.o
                0x0000000000123ea9                ctxsw
 .text          0x0000000000123ec2      0x380 binaries/intr.o
                0x0000000000123ec2                getcr0
                0x0000000000123ec6                getcr3
                0x0000000000123eca                reboot
                0x0000000000123eda                disable
                0x0000000000123ee3                restore
                0x0000000000123ef1                enable
                0x0000000000123ef3                pause
                0x0000000000123efa                halt
                0x0000000000123efd                spurious_irq7
                0x0000000000123f02                spurious_irq15
                0x0000000000123f11                _Xint0
                0x0000000000123f1c                _Xint1
                0x0000000000123f27                _Xint2
                0x0000000000123f32                _Xint3
                0x0000000000123f3d                _Xint4
                0x0000000000123f48                _Xint5
                0x0000000000123f53                _Xint6
                0x0000000000123f5e                _Xint7
                0x0000000000123f69                _Xint8
                0x0000000000123f74                _Xint9
                0x0000000000123f7f                _Xint10
                0x0000000000123f8a                _Xint11
                0x0000000000123f98                _Xint12
                0x0000000000123fa6                _Xint13
                0x0000000000123fb4                _Xint14
                0x0000000000123fc2                _Xint15
                0x0000000000123fd0                _Xint16
                0x0000000000123fde                _Xint17
                0x0000000000123fec                _Xint18
                0x0000000000123ffa                _Xint19
                0x0000000000124008                _Xint20
                0x0000000000124016                _Xint21
                0x0000000000124024                _Xint22
                0x0000000000124032                _Xint23
                0x0000000000124040                _Xint24
                0x000000000012404e                _Xint25
                0x000000000012405c                _Xint26
                0x000000000012406a                _Xint27
                0x0000000000124078                _Xint28
                0x0000000000124086                _Xint29
                0x0000000000124094                _Xint30
                0x00000000001240a2                _Xint31
                0x00000000001240b0                _Xint32
                0x00000000001240be                _Xint33
                0x00000000001240cc                _Xint34
                0x00000000001240da                _Xint35
                0x00000000001240e8                _Xint36
                0x00000000001240f6                _Xint37
                0x0000000000124104                _Xint38
                0x0000000000124112                _Xint39
                0x0000000000124120                _Xint40
                0x000000000012412e                _Xint41
                0x000000000012413c                _Xint42
                0x000000000012414a                _Xint43
                0x0000000000124158                _Xint44
                0x0000000000124166                _Xint45
                0x0000000000124174                _Xint46
                0x0000000000124182                defevec
 .text          0x0000000000124242       0x3a binaries/setjmp.o
                0x0000000000124242                setjmp
                0x0000000000124261                longjmp
 .text          0x000000000012427c        0xf binaries/ttydispatch.o
                0x000000000012427c                ttydispatch
 .text          0x000000000012428b       0x13 binaries/ethdispatch.o
                0x000000000012428b                ethdispatch
 *(.rodata .rodata.*)
 *fill*         0x000000000012429e        0x2 
 .rodata        0x00000000001242a0       0x8e binaries/ascdate.o
 .rodata        0x000000000012432e       0xb2 binaries/conf.o
 .rodata        0x00000000001243e0       0x83 binaries/early_imr.o
 *fill*         0x0000000000124463        0x1 
 .rodata        0x0000000000124464      0x233 binaries/evec.o
 *fill*         0x0000000000124697        0x1 
 .rodata        0x0000000000124698       0x89 binaries/fsmetrics.o
 .rodata        0x0000000000124721        0xd binaries/fsworker.o
 *fill*         0x000000000012472e        0x2 
 .rodata        0x0000000000124730       0xca binaries/getutime.o
 *fill*         0x00000000001247fa        0x2 
 .rodata        0x00000000001247fc      0x144 binaries/initialize.o
 .rodata        0x0000000000124940       0x20 binaries/kill.o
 .rodata        0x0000000000124960       0x5e binaries/main.o
 *fill*         0x00000000001249be        0x2 
 .rodata        0x00000000001249c0       0x3e binaries/meminit.o
 .rodata        0x00000000001249fe        0xf binaries/panic.o
 .rodata        0x0000000000124a0d       0x1c binaries/ptinit.o
 *fill*         0x0000000000124a29        0x3 
 .rodata        0x0000000000124a2c       0x25 binaries/ptsend.o
 .rodata        0x0000000000124a51       0x22 binaries/quark_pdat.o
 *fill*         0x0000000000124a73        0x1 
 .rodata        0x0000000000124a74       0x8f binaries/showmema.o
 *fill*         0x0000000000124b03        0x1 
 .rodata        0x0000000000124b04       0xb7 binaries/stacktrace.o
 *fill*         0x0000000000124bbb        0x1 
 .rodata        0x0000000000124bbc       0x27 binaries/xdone.o
 *fill*         0x0000000000124be3       0x1d 
 .rodata        0x0000000000124c00       0x81 binaries/ctype_.o
                0x0000000000124c00                _ctype_
 *fill*         0x0000000000124c81        0x3 
 .rodata        0x0000000000124c84       0xee binaries/doprnt.o
 *fill*         0x0000000000124d72        0x2 
 .rodata        0x0000000000124d74       0xae binaries/fdoprnt.o
 .rodata        0x0000000000124e22        0x1 binaries/strtok.o
 *fill*         0x0000000000124e23       0x1d 
 .rodata        0x0000000000124e40       0x65 binaries/xstoul.o
 *fill*         0x0000000000124ea5        0x3 
 .rodata        0x0000000000124ea8       0x20 binaries/ttycontrol.o
 .rodata        0x0000000000124ec8       0x34 binaries/ttyhandler.o
 .rodata        0x0000000000124efc       0x80 binaries/naminit.o
 .rodata        0x0000000000124f7c       0x46 binaries/ethinit.o
 *fill*         0x0000000000124fc2        0x2 
 .rodata        0x0000000000124fc4       0x2c binaries/rdsbufalloc.o
 .rodata        0x0000000000124ff0       0x76 binaries/rdscomm.o
 *fill*         0x0000000000125066        0x2 
 .rodata        0x0000000000125068       0x48 binaries/rdscontrol.o
 .rodata        0x00000000001250b0       0x96 binaries/rdsinit.o
 *fill*         0x0000000000125146        0x2 
 .rodata        0x0000000000125148       0x22 binaries/rdsopen.o
 *fill*         0x000000000012516a        0x2 
 .rodata        0x000000000012516c       0x4d binaries/rdsprocess.o
 .rodata        0x00000000001251b9        0x9 binaries/raminit.o
 *fill*         0x00000000001251c2        0x2 
 .rodata        0x00000000001251c4       0x37 binaries/lfdballoc.o
 .rodata        0x00000000001251fb       0x14 binaries/lfiballoc.o
 *fill*         0x000000000012520f        0x1 
 .rodata        0x0000000000125210       0x23 binaries/lflcontrol.o
 *fill*         0x0000000000125233        0x1 
 .rodata        0x0000000000125234       0xb7 binaries/lfsckfmt.o
 *fill*         0x00000000001252eb        0x1 
 .rodata        0x00000000001252ec       0x21 binaries/rflread.o
 *fill*         0x000000000012530d        0x3 
 .rodata        0x0000000000125310       0x21 binaries/rflwrite.o
 *fill*         0x0000000000125331        0x3 
 .rodata        0x0000000000125334       0x75 binaries/rfscomm.o
 *fill*         0x00000000001253a9        0x3 
 .rodata        0x00000000001253ac       0x40 binaries/rfscontrol.o
 .rodata        0x00000000001253ec       0x8b binaries/rfsinit.o
 *fill*         0x0000000000125477        0x1 
 .rodata        0x0000000000125478       0x2a binaries/rfsndmsg.o
 *fill*         0x00000000001254a2        0x2 
 .rodata        0x00000000001254a4       0x22 binaries/rfsopen.o
 *fill*         0x00000000001254c6        0x2 
 .rodata        0x00000000001254c8       0x37 binaries/uechoinit.o
 *fill*         0x00000000001254ff        0x1 
 .rodata        0x0000000000125500       0x3a binaries/arp.o
 *fill*         0x000000000012553a        0x2 
 .rodata        0x000000000012553c      0x119 binaries/dhcp.o
 *fill*         0x0000000000125655        0x3 
 .rodata        0x0000000000125658       0xc9 binaries/hexdump.o
 *fill*         0x0000000000125721        0x3 
 .rodata        0x0000000000125724       0x29 binaries/icmp.o
 *fill*         0x000000000012574d        0x3 
 .rodata        0x0000000000125750       0x6e binaries/ip.o
 *fill*         0x00000000001257be        0x2 
 .rodata        0x00000000001257c0       0x5d binaries/net.o
 *fill*         0x000000000012581d        0x3 
 .rodata        0x0000000000125820       0xdb binaries/netstart.o
 *fill*         0x00000000001258fb        0x1 
 .rodata        0x00000000001258fc      0x26f binaries/pdump.o
 *fill*         0x0000000000125b6b        0x1 
 .rodata        0x0000000000125b6c      0x154 binaries/tftp.o
 .rodata        0x0000000000125cc0       0x44 binaries/udp.o
 .rodata        0x0000000000125d04      0x345 binaries/shell.o
 .rodata        0x0000000000126049       0x28 binaries/xsh_argecho.o
 *fill*         0x0000000000126071        0x3 
 .rodata        0x0000000000126074      0x123 binaries/xsh_arp.o
 *fill*         0x0000000000126197        0x1 
 .rodata        0x0000000000126198      0x550 binaries/xsh_basic.o
 .rodata        0x00000000001266e8       0xd5 binaries/xsh_cat.o
 .rodata        0x00000000001267bd       0x15 binaries/xsh_clear.o
 *fill*         0x00000000001267d2        0x2 
 .rodata        0x00000000001267d4      0x108 binaries/xsh_cp.o
 .rodata        0x00000000001268dc      0x1c3 binaries/xsh_date.o
 .rodata        0x0000000000126a9f       0x5d binaries/xsh_devdump.o
 .rodata        0x0000000000126afc      0x140 binaries/xsh_dine.o
 .rodata        0x0000000000126c3c      0x978 binaries/xsh_e0.o
 .rodata        0x00000000001275b4        0x9 binaries/xsh_echo.o
 *fill*         0x00000000001275bd        0x3 
 .rodata        0x00000000001275c0      0x126 binaries/xsh_fsbench.o
 *fill*         0x00000000001276e6        0x2 
 .rodata        0x00000000001276e8      0x169 binaries/xsh_help.o
 *fill*         0x0000000000127851        0x3 
 .rodata        0x0000000000127854      0x1ec binaries/xsh_ipaddr.o
 .rodata        0x0000000000127a40      0x12e binaries/xsh_kill.o
 *fill*         0x0000000000127b6e        0x2 
 .rodata        0x0000000000127b70      0x1d0 binaries/xsh_ls.o
 .rodata        0x0000000000127d40      0x24b binaries/xsh_memdump.o
 *fill*         0x0000000000127f8b        0x1 
 .rodata        0x0000000000127f8c      0x225 binaries/xsh_memstat.o
 *fill*         0x00000000001281b1        0x3 
 .rodata        0x00000000001281b4      0x2b9 binaries/xsh_mklfs.o
 *fill*         0x000000000012846d        0x3 
 .rodata        0x0000000000128470      0x1aa binaries/xsh_msr.o
 *fill*         0x000000000012861a        0x2 
 .rodata        0x000000000012861c      0x180 binaries/xsh_netstat.o
 .rodata        0x000000000012879c      0x1a1 binaries/xsh_ping.o
 *fill*         0x000000000012893d        0x3 
 .rodata        0x0000000000128940      0x1a8 binaries/xsh_ps.o
 .rodata        0x0000000000128ae8       0x4c binaries/xsh_reboot.o
 .rodata        0x0000000000128b34       0x51 binaries/xsh_rename.o
 *fill*         0x0000000000128b85        0x3 
 .rodata        0x0000000000128b88       0x8d binaries/xsh_rm.o
 *fill*         0x0000000000128c15        0x3 
 .rodata        0x0000000000128c18      0x10f binaries/xsh_sleep.o
 *fill*         0x0000000000128d27        0x1 
 .rodata        0x0000000000128d28      0x159 binaries/xsh_ss.o
 *fill*         0x0000000000128e81        0x3 
 .rodata        0x0000000000128e84      0x11d binaries/xsh_sum.o
 *fill*         0x0000000000128fa1        0x3 
 .rodata        0x0000000000128fa4       0xb4 binaries/xsh_tail.o
 .rodata        0x0000000000129058      0x580 binaries/xsh_tftp.o
 .rodata        0x00000000001295d8      0x453 binaries/xsh_tsetjmp.o
 *fill*         0x0000000000129a2b        0x1 
 .rodata        0x0000000000129a2c      0x1b8 binaries/xsh_udpdump.o
 .rodata        0x0000000000129be4      0x215 binaries/xsh_udpecho.o
 *fill*         0x0000000000129df9        0x3 
 .rodata        0x0000000000129dfc      0x12b binaries/xsh_udpeserver.o
 *fill*         0x0000000000129f27        0x1 
 .rodata        0x0000000000129f28      0x134 binaries/xsh_uptime.o
                0x000000000012a05c                etext = ABSOLUTE (.)
                0x000000000012b000                . = ALIGN (0x1000)
 *fill*         0x000000000012a05c      0xfa4 

.eh_frame       0x000000000012b000     0x4854
 .eh_frame      0x000000000012b000       0x54 binaries/ascdate.o
 .eh_frame      0x000000000012b054       0x34 binaries/bufinit.o
                                         0x4c (size before relaxing)
 .eh_frame      0x000000000012b088       0x3c binaries/chprio.o
                                         0x54 (size before relaxing)
 .eh_frame      0x000000000012b0c4       0x24 binaries/clkhandler.o
                                         0x50 (size before relaxing)
 .eh_frame      0x000000000012b0e8       0x28 binaries/clkinit.o
                                         0x54 (size before relaxing)
 .eh_frame      0x000000000012b110       0x28 binaries/close.o
                                         0x54 (size before relaxing)
 .eh_frame      0x000000000012b138       0x28 binaries/control.o
                                         0x54 (size before relaxing)
 .eh_frame      0x000000000012b160       0x4c binaries/create.o
                                         0x8c (size before relaxing)
 .eh_frame      0x000000000012b1ac      0x128 binaries/early_imr.o
                                        0x168 (size before relaxing)
 .eh_frame      0x000000000012b2d4       0x9c binaries/evec.o
                                         0xdc (size before relaxing)
 .eh_frame      0x000000000012b370       0x24 binaries/exit.o
                                         0x50 (size before relaxing)
 .eh_frame      0x000000000012b394       0x28 binaries/freebuf.o
                                         0x54 (size before relaxing)
 .eh_frame      0x000000000012b3bc       0x28 binaries/freemem.o
                                         0x54 (size before relaxing)
 .eh_frame      0x000000000012b3e4       0x60 binaries/fsdirlock.o
                                         0x8c (size before relaxing)
 .eh_frame      0x000000000012b444       0xc4 binaries/fsmetrics.o
                                        0x104 (size before relaxing)
 .eh_frame      0x000000000012b508      0x10c binaries/fsworker.o
                                        0x14c (size before relaxing)
 .eh_frame      0x000000000012b614       0x28 binaries/getbuf.o
                                         0x54 (size before relaxing)
 .eh_frame      0x000000000012b63c       0x28 binaries/getc.o
                                         0x54 (size before relaxing)
 .eh_frame      0x000000000012b664       0x28 binaries/getdev.o
                                         0x54 (size before relaxing)
 .eh_frame      0x000000000012b68c       0x80 binaries/getitem.o
                                         0xac (size before relaxing)
 .eh_frame      0x000000000012b70c       0x28 binaries/getmem.o
                                         0x54 (size before relaxing)
 .eh_frame      0x000000000012b734       0x20 binaries/getpid.o
                                         0x4c (size before relaxing)
 .eh_frame      0x000000000012b754       0x28 binaries/getprio.o
                                         0x54 (size before relaxing)
 .eh_frame      0x000000000012b77c       0x28 binaries/getstk.o
                                         0x54 (size before relaxing)
 .eh_frame      0x000000000012b7a4       0x28 binaries/gettime.o
                                         0x54 (size before relaxing)
 .eh_frame      0x000000000012b7cc       0x28 binaries/getutime.o
                                         0x54 (size before relaxing)
 .eh_frame      0x000000000012b7f4       0x28 binaries/init.o
                                         0x54 (size before relaxing)
 .eh_frame      0x000000000012b81c       0x84 binaries/initialize.o
                                         0xc4 (size before relaxing)
 .eh_frame      0x000000000012b8a0       0x24 binaries/insert.o
                                         0x50 (size before relaxing)
 .eh_frame      0x000000000012b8c4       0x28 binaries/insertd.o
                                         0x54 (size before relaxing)
 .eh_frame      0x000000000012b8ec       0x20 binaries/ioerr.o
                                         0x4c (size before relaxing)
 .eh_frame      0x000000000012b90c       0x20 binaries/ionull.o
                                         0x4c (size before relaxing)
 .eh_frame      0x000000000012b92c       0x2c binaries/kill.o
                                         0x58 (size before relaxing)
 .eh_frame      0x000000000012b958       0x6c binaries/kprintf.o
                                         0x98 (size before relaxing)
 .eh_frame      0x000000000012b9c4       0x54 binaries/main.o
                                         0x94 (size before relaxing)
 .eh_frame      0x000000000012ba18       0x4c binaries/mark.o
                                         0x78 (size before relaxing)
 .eh_frame      0x000000000012ba64       0x58 binaries/meminit.o
                                         0x98 (size before relaxing)
 .eh_frame      0x000000000012babc       0x28 binaries/mkbufpool.o
                                         0x54 (size before relaxing)
 .eh_frame      0x000000000012bae4       0x20 binaries/netup.o
                                         0x4c (size before relaxing)
 .eh_frame      0x000000000012bb04       0x24 binaries/newqueue.o
                                         0x50 (size before relaxing)
 .eh_frame      0x000000000012bb28       0x28 binaries/open.o
                                         0x54 (size before relaxing)
 .eh_frame      0x000000000012bb50       0x1c binaries/panic.o
                                         0x48 (size before relaxing)
 .eh_frame      0x000000000012bb6c      0x1e0 binaries/pci.o
                                        0x20c (size before relaxing)
 .eh_frame      0x000000000012bd4c       0x50 binaries/platinit.o
                                         0x7c (size before relaxing)
 .eh_frame      0x000000000012bd9c       0x28 binaries/ptclear.o
                                         0x54 (size before relaxing)
 .eh_frame      0x000000000012bdc4       0x28 binaries/ptcount.o
                                         0x54 (size before relaxing)
 .eh_frame      0x000000000012bdec       0x28 binaries/ptcreate.o
                                         0x54 (size before relaxing)
 .eh_frame      0x000000000012be14       0x28 binaries/ptdelete.o
                                         0x54 (size before relaxing)
 .eh_frame      0x000000000012be3c       0x28 binaries/ptinit.o
                                         0x54 (size before relaxing)
 .eh_frame      0x000000000012be64       0x28 binaries/ptrecv.o
                                         0x54 (size before relaxing)
 .eh_frame      0x000000000012be8c       0x28 binaries/ptreset.o
                                         0x54 (size before relaxing)
 .eh_frame      0x000000000012beb4       0x28 binaries/ptsend.o
                                         0x54 (size before relaxing)
 .eh_frame      0x000000000012bedc       0x28 binaries/putc.o
                                         0x54 (size before relaxing)
 .eh_frame      0x000000000012bf04       0x28 binaries/quark_irq.o
                                         0x54 (size before relaxing)
 .eh_frame      0x000000000012bf2c       0x50 binaries/quark_pdat.o
                                         0x7c (size before relaxing)
 .eh_frame      0x000000000012bf7c       0x4c binaries/queue.o
                                         0x8c (size before relaxing)
 .eh_frame      0x000000000012bfc8       0x28 binaries/read.o
                                         0x54 (size before relaxing)
 .eh_frame      0x000000000012bff0       0x28 binaries/ready.o
                                         0x54 (size before relaxing)
 .eh_frame      0x000000000012c018       0x28 binaries/receive.o
                                         0x54 (size before relaxing)
 .eh_frame      0x000000000012c040       0x28 binaries/recvclr.o
                                         0x54 (size before relaxing)
 .eh_frame      0x000000000012c068       0x28 binaries/recvtime.o
                                         0x54 (size before relaxing)
 .eh_frame      0x000000000012c090       0x28 binaries/remove.o
                                         0x54 (size before relaxing)
 .eh_frame      0x000000000012c0b8       0x28 binaries/rename.o
                                         0x54 (size before relaxing)
 .eh_frame      0x000000000012c0e0       0x4c binaries/resched.o
                                         0x8c (size before relaxing)
 .eh_frame      0x000000000012c12c       0x28 binaries/resume.o
                                         0x54 (size before relaxing)
 .eh_frame      0x000000000012c154       0x28 binaries/seek.o
                                         0x54 (size before relaxing)
 .eh_frame      0x000000000012c17c       0x28 binaries/semcount.o
                                         0x54 (size before relaxing)
 .eh_frame      0x000000000012c1a4       0x4c binaries/semcreate.o
                                         0x8c (size before relaxing)
 .eh_frame      0x000000000012c1f0       0x28 binaries/semdelete.o
                                         0x54 (size before relaxing)
 .eh_frame      0x000000000012c218       0x28 binaries/semreset.o
                                         0x54 (size before relaxing)
 .eh_frame      0x000000000012c240       0x28 binaries/send.o
                                         0x54 (size before relaxing)
 .eh_frame      0x000000000012c268       0x28 binaries/showmema.o
                                         0x54 (size before relaxing)
 .eh_frame      0x000000000012c290       0x28 binaries/signal.o
                                         0x54 (size before relaxing)
 .eh_frame      0x000000000012c2b8       0x28 binaries/signaln.o
                                         0x54 (size before relaxing)
 .eh_frame      0x000000000012c2e0       0x4c binaries/sleep.o
                                         0x8c (size before relaxing)
 .eh_frame      0x000000000012c32c       0x20 binaries/ssignal.o
                                         0x4c (size before relaxing)
 .eh_frame      0x000000000012c34c       0x28 binaries/stacktrace.o
                                         0x54 (size before relaxing)
 .eh_frame      0x000000000012c374       0x28 binaries/suspend.o
                                         0x54 (size before relaxing)
 .eh_frame      0x000000000012c39c       0x20 binaries/swait.o
                                         0x4c (size before relaxing)
 .eh_frame      0x000000000012c3bc       0x28 binaries/unsleep.o
                                         0x54 (size before relaxing)
 .eh_frame      0x000000000012c3e4       0x24 binaries/userret.o
                                         0x50 (size before relaxing)
 .eh_frame      0x000000000012c408       0x28 binaries/wait.o
                                         0x54 (size before relaxing)
 .eh_frame      0x000000000012c430       0x28 binaries/wakeup.o
                                         0x54 (size before relaxing)
 .eh_frame      0x000000000012c458       0x28 binaries/write.o
                                         0x54 (size before relaxing)
 .eh_frame      0x000000000012c480       0x24 binaries/xdone.o
                                         0x50 (size before relaxing)
 .eh_frame      0x000000000012c4a4       0x24 binaries/yield.o
                                         0x50 (size before relaxing)
 .eh_frame      0x000000000012c4c8       0x20 binaries/abs.o
                                         0x4c (size before relaxing)
 .eh_frame      0x000000000012c4e8       0x24 binaries/atoi.o
                                         0x50 (size before relaxing)
 .eh_frame      0x000000000012c50c       0x24 binaries/atol.o
                                         0x50 (size before relaxing)
 .eh_frame      0x000000000012c530       0x20 binaries/bzero.o
                                         0x4c (size before relaxing)
 .eh_frame      0x000000000012c550       0xdc binaries/doprnt.o
                                        0x11c (size before relaxing)
 .eh_frame      0x000000000012c62c       0xc8 binaries/doscan.o
                                         0xf4 (size before relaxing)
 .eh_frame      0x000000000012c6f4       0xdc binaries/fdoprnt.o
                                        0x11c (size before relaxing)
 .eh_frame      0x000000000012c7d0       0x24 binaries/fgetc.o
                                         0x50 (size before relaxing)
 .eh_frame      0x000000000012c7f4       0x28 binaries/fgets.o
                                         0x54 (size before relaxing)
 .eh_frame      0x000000000012c81c       0x48 binaries/fprintf.o
                                         0x88 (size before relaxing)
 .eh_frame      0x000000000012c864       0x24 binaries/fputc.o
                                         0x50 (size before relaxing)
 .eh_frame      0x000000000012c888       0x28 binaries/fputs.o
                                         0x54 (size before relaxing)
 .eh_frame      0x000000000012c8b0       0x6c binaries/fscanf.o
                                         0x98 (size before relaxing)
 .eh_frame      0x000000000012c91c       0x24 binaries/getchar.o
                                         0x50 (size before relaxing)
 .eh_frame      0x000000000012c940       0x20 binaries/isatty.o
                                         0x4c (size before relaxing)
 .eh_frame      0x000000000012c960       0x20 binaries/labs.o
                                         0x4c (size before relaxing)
 .eh_frame      0x000000000012c980       0x24 binaries/memchr.o
                                         0x50 (size before relaxing)
 .eh_frame      0x000000000012c9a4       0x24 binaries/memcmp.o
                                         0x50 (size before relaxing)
 .eh_frame      0x000000000012c9c8       0x24 binaries/memcpy.o
                                         0x50 (size before relaxing)
 .eh_frame      0x000000000012c9ec       0x20 binaries/memset.o
                                         0x4c (size before relaxing)
 .eh_frame      0x000000000012ca0c       0x48 binaries/printf.o
                                         0x88 (size before relaxing)
 .eh_frame      0x000000000012ca54       0x28 binaries/putchar.o
                                         0x54 (size before relaxing)
 .eh_frame      0x000000000012ca7c       0x28 binaries/qsort.o
                                         0x54 (size before relaxing)
 .eh_frame      0x000000000012caa4       0x40 binaries/rand.o
                                         0x6c (size before relaxing)
 .eh_frame      0x000000000012cae4       0x48 binaries/sprintf.o
                                         0x74 (size before relaxing)
 .eh_frame      0x000000000012cb2c       0x64 binaries/sscanf.o
                                         0x90 (size before relaxing)
 .eh_frame      0x000000000012cb90       0x24 binaries/strcat.o
                                         0x50 (size before relaxing)
 .eh_frame      0x000000000012cbb4       0x20 binaries/strchr.o
                                         0x4c (size before relaxing)
 .eh_frame      0x000000000012cbd4       0x20 binaries/strcmp.o
                                         0x4c (size before relaxing)
 .eh_frame      0x000000000012cbf4       0x20 binaries/strcpy.o
                                         0x4c (size before relaxing)
 .eh_frame      0x000000000012cc14       0x20 binaries/strlen.o
                                         0x4c (size before relaxing)
 .eh_frame      0x000000000012cc34       0x24 binaries/strncat.o
                                         0x50 (size before relaxing)
 .eh_frame      0x000000000012cc58       0x20 binaries/strncmp.o
                                         0x4c (size before relaxing)
 .eh_frame      0x000000000012cc78       0x28 binaries/strncpy.o
                                         0x54 (size before relaxing)
 .eh_frame      0x000000000012cca0       0x20 binaries/strnlen.o
                                         0x4c (size before relaxing)
 .eh_frame      0x000000000012ccc0       0x24 binaries/strpbrk.o
                                         0x50 (size before relaxing)
 .eh_frame      0x000000000012cce4       0x24 binaries/strrchr.o
                                         0x50 (size before relaxing)
 .eh_frame      0x000000000012cd08       0x24 binaries/strspn.o
                                         0x50 (size before relaxing)
 .eh_frame      0x000000000012cd2c       0x24 binaries/strstr.o
                                         0x50 (size before relaxing)
 .eh_frame      0x000000000012cd50       0x28 binaries/strtok.o
                                         0x54 (size before relaxing)
 .eh_frame      0x000000000012cd78       0x28 binaries/strtol.o
                                         0x54 (size before relaxing)
 .eh_frame      0x000000000012cda0       0x28 binaries/strtoul.o
                                         0x54 (size before relaxing)
 .eh_frame      0x000000000012cdc8       0x20 binaries/tolower.o
                                         0x4c (size before relaxing)
 .eh_frame      0x000000000012cde8       0x20 binaries/toupper.o
                                         0x4c (size before relaxing)
 .eh_frame      0x000000000012ce08       0x28 binaries/xstoul.o
                                         0x54 (size before relaxing)
 .eh_frame      0x000000000012ce30       0x28 binaries/ttycontrol.o
                                         0x54 (size before relaxing)
 .eh_frame      0x000000000012ce58       0x28 binaries/ttygetc.o
                                         0x54 (size before relaxing)
 .eh_frame      0x000000000012ce80       0x98 binaries/ttyhandle_in.o
                                         0xec (size before relaxing)
 .eh_frame      0x000000000012cf18       0x28 binaries/ttyhandle_out.o
                                         0x54 (size before relaxing)
 .eh_frame      0x000000000012cf40       0x28 binaries/ttyhandler.o
                                         0x54 (size before relaxing)
 .eh_frame      0x000000000012cf68       0x28 binaries/ttyinit.o
                                         0x54 (size before relaxing)
 .eh_frame      0x000000000012cf90       0x20 binaries/ttykickout.o
                                         0x4c (size before relaxing)
 .eh_frame      0x000000000012cfb0       0x28 binaries/ttyputc.o
                                         0x54 (size before relaxing)
 .eh_frame      0x000000000012cfd8       0x28 binaries/ttyread.o
                                         0x54 (size before relaxing)
 .eh_frame      0x000000000012d000       0x28 binaries/ttywrite.o
                                         0x54 (size before relaxing)
 .eh_frame      0x000000000012d028       0x48 binaries/mount.o
                                         0x88 (size before relaxing)
 .eh_frame      0x000000000012d070       0x28 binaries/naminit.o
                                         0x54 (size before relaxing)
 .eh_frame      0x000000000012d098       0x74 binaries/nammap.o
                                         0xb4 (size before relaxing)
 .eh_frame      0x000000000012d10c       0x28 binaries/namopen.o
                                         0x54 (size before relaxing)
 .eh_frame      0x000000000012d134       0x28 binaries/colon2mac.o
                                         0x54 (size before relaxing)
 .eh_frame      0x000000000012d15c       0x28 binaries/ethcontrol.o
                                         0x54 (size before relaxing)
 .eh_frame      0x000000000012d184       0x28 binaries/ethhandler.o
                                         0x54 (size before relaxing)
 .eh_frame      0x000000000012d1ac       0xa4 binaries/ethinit.o
                                         0xe4 (size before relaxing)
 .eh_frame      0x000000000012d250       0x50 binaries/ethmcast.o
                                         0x90 (size before relaxing)
 .eh_frame      0x000000000012d2a0       0x28 binaries/ethread.o
                                         0x54 (size before relaxing)
 .eh_frame      0x000000000012d2c8       0x28 binaries/ethwrite.o
                                         0x54 (size before relaxing)
 .eh_frame      0x000000000012d2f0       0x28 binaries/rdsbufalloc.o
                                         0x54 (size before relaxing)
 .eh_frame      0x000000000012d318       0x24 binaries/rdsclose.o
                                         0x50 (size before relaxing)
 .eh_frame      0x000000000012d33c       0x28 binaries/rdscomm.o
                                         0x54 (size before relaxing)
 .eh_frame      0x000000000012d364       0x28 binaries/rdscontrol.o
                                         0x54 (size before relaxing)
 .eh_frame      0x000000000012d38c       0x28 binaries/rdsinit.o
                                         0x54 (size before relaxing)
 .eh_frame      0x000000000012d3b4       0x28 binaries/rdsopen.o
                                         0x54 (size before relaxing)
 .eh_frame      0x000000000012d3dc       0x1c binaries/rdsprocess.o
                                         0x48 (size before relaxing)
 .eh_frame      0x000000000012d3f8       0x28 binaries/rdsread.o
                                         0x54 (size before relaxing)
 .eh_frame      0x000000000012d420       0x28 binaries/rdswrite.o
                                         0x54 (size before relaxing)
 .eh_frame      0x000000000012d448       0x20 binaries/ramclose.o
                                         0x4c (size before relaxing)
 .eh_frame      0x000000000012d468       0x28 binaries/raminit.o
                                         0x54 (size before relaxing)
 .eh_frame      0x000000000012d490       0x20 binaries/ramopen.o
                                         0x4c (size before relaxing)
 .eh_frame      0x000000000012d4b0       0x28 binaries/ramread.o
                                         0x54 (size before relaxing)
 .eh_frame      0x000000000012d4d8       0x28 binaries/ramwrite.o
                                         0x54 (size before relaxing)
 .eh_frame      0x000000000012d500       0x28 binaries/lfdballoc.o
                                         0x54 (size before relaxing)
 .eh_frame      0x000000000012d528       0x28 binaries/lfdbfree.o
                                         0x54 (size before relaxing)
 .eh_frame      0x000000000012d550       0x28 binaries/lfflush.o
                                         0x54 (size before relaxing)
 .eh_frame      0x000000000012d578       0x24 binaries/lfgetmode.o
                                         0x50 (size before relaxing)
 .eh_frame      0x000000000012d59c       0x28 binaries/lfiballoc.o
                                         0x54 (size before relaxing)
 .eh_frame      0x000000000012d5c4       0x24 binaries/lfibclear.o
                                         0x50 (size before relaxing)
 .eh_frame      0x000000000012d5e8       0x28 binaries/lfibget.o
                                         0x54 (size before relaxing)
 .eh_frame      0x000000000012d610       0x28 binaries/lfibput.o
                                         0x54 (size before relaxing)
 .eh_frame      0x000000000012d638       0x28 binaries/lflclose.o
                                         0x54 (size before relaxing)
 .eh_frame      0x000000000012d660       0x28 binaries/lflcontrol.o
                                         0x54 (size before relaxing)
 .eh_frame      0x000000000012d688       0x28 binaries/lflgetc.o
                                         0x54 (size before relaxing)
 .eh_frame      0x000000000012d6b0       0x28 binaries/lflinit.o
                                         0x54 (size before relaxing)
 .eh_frame      0x000000000012d6d8       0x28 binaries/lflputc.o
                                         0x54 (size before relaxing)
 .eh_frame      0x000000000012d700       0x28 binaries/lflread.o
                                         0x54 (size before relaxing)
 .eh_frame      0x000000000012d728       0x28 binaries/lflseek.o
                                         0x54 (size before relaxing)
 .eh_frame      0x000000000012d750       0x28 binaries/lflwrite.o
                                         0x54 (size before relaxing)
 .eh_frame      0x000000000012d778       0x28 binaries/lfsckfmt.o
                                         0x54 (size before relaxing)
 .eh_frame      0x000000000012d7a0       0x74 binaries/lfscontrol.o
                                         0xb4 (size before relaxing)
 .eh_frame      0x000000000012d814       0x28 binaries/lfscreate.o
                                         0x54 (size before relaxing)
 .eh_frame      0x000000000012d83c       0x28 binaries/lfsetup.o
                                         0x54 (size before relaxing)
 .eh_frame      0x000000000012d864       0x28 binaries/lfsinit.o
                                         0x54 (size before relaxing)
 .eh_frame      0x000000000012d88c       0x28 binaries/lfsopen.o
                                         0x54 (size before relaxing)
 .eh_frame      0x000000000012d8b4       0x28 binaries/lftruncate.o
                                         0x54 (size before relaxing)
 .eh_frame      0x000000000012d8dc       0x28 binaries/rflclose.o
                                         0x54 (size before relaxing)
 .eh_frame      0x000000000012d904       0x28 binaries/rflgetc.o
                                         0x54 (size before relaxing)
 .eh_frame      0x000000000012d92c       0x24 binaries/rflinit.o
                                         0x50 (size before relaxing)
 .eh_frame      0x000000000012d950       0x24 binaries/rflputc.o
                                         0x50 (size before relaxing)
 .eh_frame      0x000000000012d974       0x28 binaries/rflread.o
                                         0x54 (size before relaxing)
 .eh_frame      0x000000000012d99c       0x28 binaries/rflseek.o
                                         0x54 (size before relaxing)
 .eh_frame      0x000000000012d9c4       0x28 binaries/rflwrite.o
                                         0x54 (size before relaxing)
 .eh_frame      0x000000000012d9ec       0x28 binaries/rfscomm.o
                                         0x54 (size before relaxing)
 .eh_frame      0x000000000012da14       0x28 binaries/rfscontrol.o
                                         0x54 (size before relaxing)
 .eh_frame      0x000000000012da3c       0x24 binaries/rfsgetmode.o
                                         0x50 (size before relaxing)
 .eh_frame      0x000000000012da60       0x28 binaries/rfsinit.o
                                         0x54 (size before relaxing)
 .eh_frame      0x000000000012da88       0x28 binaries/rfsndmsg.o
                                         0x54 (size before relaxing)
 .eh_frame      0x000000000012dab0       0x28 binaries/rfsopen.o
                                         0x54 (size before relaxing)
 .eh_frame      0x000000000012dad8       0x20 binaries/uechoclose.o
                                         0x4c (size before relaxing)
 .eh_frame      0x000000000012daf8       0x20 binaries/uechocontrol.o
                                         0x4c (size before relaxing)
 .eh_frame      0x000000000012db18       0x50 binaries/uechoget.o
                                         0x90 (size before relaxing)
 .eh_frame      0x000000000012db68       0x64 binaries/uechoinit.o
                                         0x90 (size before relaxing)
 .eh_frame      0x000000000012dbcc       0x28 binaries/uechoopen.o
                                         0x54 (size before relaxing)
 .eh_frame      0x000000000012dbf4       0x28 binaries/uechoputc.o
                                         0x54 (size before relaxing)
 .eh_frame      0x000000000012dc1c       0x28 binaries/uechoread.o
                                         0x54 (size before relaxing)
 .eh_frame      0x000000000012dc44       0x2c binaries/uechowrite.o
                                         0x58 (size before relaxing)
 .eh_frame      0x000000000012dc70       0xdc binaries/arp.o
                                        0x130 (size before relaxing)
 .eh_frame      0x000000000012dd4c       0xc0 binaries/dhcp.o
                                        0x100 (size before relaxing)
 .eh_frame      0x000000000012de0c       0x9c binaries/dns.o
                                         0xdc (size before relaxing)
 .eh_frame      0x000000000012dea8       0x24 binaries/dot2ip.o
                                         0x50 (size before relaxing)
 .eh_frame      0x000000000012decc       0x50 binaries/hexdump.o
                                         0x7c (size before relaxing)
 .eh_frame      0x000000000012df1c      0x180 binaries/icmp.o
                                        0x1d4 (size before relaxing)
 .eh_frame      0x000000000012e09c      0x148 binaries/ip.o
                                        0x188 (size before relaxing)
 .eh_frame      0x000000000012e1e4       0x84 binaries/net.o
                                         0xc4 (size before relaxing)
 .eh_frame      0x000000000012e268       0x30 binaries/netstart.o
                                         0x5c (size before relaxing)
 .eh_frame      0x000000000012e298       0x60 binaries/pdump.o
                                         0xa0 (size before relaxing)
 .eh_frame      0x000000000012e2f8       0x70 binaries/tftp.o
                                         0xb0 (size before relaxing)
 .eh_frame      0x000000000012e368      0x17c binaries/udp.o
                                        0x1d0 (size before relaxing)
 .eh_frame      0x000000000012e4e4       0x28 binaries/addargs.o
                                         0x54 (size before relaxing)
 .eh_frame      0x000000000012e50c       0x24 binaries/lexan.o
                                         0x50 (size before relaxing)
 .eh_frame      0x000000000012e530       0x2c binaries/shell.o
                                         0x58 (size before relaxing)
 .eh_frame      0x000000000012e55c       0x28 binaries/xsh_argecho.o
                                         0x54 (size before relaxing)
 .eh_frame      0x000000000012e584       0x50 binaries/xsh_arp.o
                                         0x7c (size before relaxing)
 .eh_frame      0x000000000012e5d4      0x670 binaries/xsh_basic.o
                                        0x6b0 (size before relaxing)
 .eh_frame      0x000000000012ec44       0x2c binaries/xsh_cat.o
                                         0x58 (size before relaxing)
 .eh_frame      0x000000000012ec70       0x28 binaries/xsh_clear.o
                                         0x54 (size before relaxing)
 .eh_frame      0x000000000012ec98       0x28 binaries/xsh_cp.o
                                         0x54 (size before relaxing)
 .eh_frame      0x000000000012ecc0       0x2c binaries/xsh_date.o
                                         0x58 (size before relaxing)
 .eh_frame      0x000000000012ecec       0x28 binaries/xsh_devdump.o
                                         0x54 (size before relaxing)
 .eh_frame      0x000000000012ed14       0xa0 binaries/xsh_dine.o
                                         0xe0 (size before relaxing)
 .eh_frame      0x000000000012edb4      0x38c binaries/xsh_e0.o
                                        0x3cc (size before relaxing)
 .eh_frame      0x000000000012f140       0x28 binaries/xsh_echo.o
                                         0x54 (size before relaxing)
 .eh_frame      0x000000000012f168       0x20 binaries/xsh_exit.o
                                         0x4c (size before relaxing)
 .eh_frame      0x000000000012f188       0x28 binaries/xsh_fsbench.o
                                         0x54 (size before relaxing)
 .eh_frame      0x000000000012f1b0       0x2c binaries/xsh_help.o
                                         0x58 (size before relaxing)
 .eh_frame      0x000000000012f1dc       0x30 binaries/xsh_ipaddr.o
                                         0x5c (size before relaxing)
 .eh_frame      0x000000000012f20c       0x2c binaries/xsh_kill.o
                                         0x58 (size before relaxing)
 .eh_frame      0x000000000012f238       0x4c binaries/xsh_ls.o
                                         0x8c (size before relaxing)
 .eh_frame      0x000000000012f284       0x54 binaries/xsh_memdump.o
                                         0x80 (size before relaxing)
 .eh_frame      0x000000000012f2d8       0x7c binaries/xsh_memstat.o
                                         0xa8 (size before relaxing)
 .eh_frame      0x000000000012f354       0x28 binaries/xsh_mklfs.o
                                         0x54 (size before relaxing)
 .eh_frame      0x000000000012f37c       0x2c binaries/xsh_msr.o
                                         0x58 (size before relaxing)
 .eh_frame      0x000000000012f3a8       0x2c binaries/xsh_netstat.o
                                         0x58 (size before relaxing)
 .eh_frame      0x000000000012f3d4       0x30 binaries/xsh_ping.o
                                         0x5c (size before relaxing)
 .eh_frame      0x000000000012f404       0x30 binaries/xsh_ps.o
                                         0x5c (size before relaxing)
 .eh_frame      0x000000000012f434       0x28 binaries/xsh_reboot.o
                                         0x54 (size before relaxing)
 .eh_frame      0x000000000012f45c       0x28 binaries/xsh_rename.o
                                         0x54 (size before relaxing)
 .eh_frame      0x000000000012f484       0x28 binaries/xsh_rm.o
                                         0x54 (size before relaxing)
 .eh_frame      0x000000000012f4ac       0x2c binaries/xsh_sleep.o
                                         0x58 (size before relaxing)
 .eh_frame      0x000000000012f4d8       0x28 binaries/xsh_ss.o
                                         0x54 (size before relaxing)
 .eh_frame      0x000000000012f500       0x30 binaries/xsh_sum.o
                                         0x5c (size before relaxing)
 .eh_frame      0x000000000012f530       0x58 binaries/xsh_tail.o
                                         0x84 (size before relaxing)
 .eh_frame      0x000000000012f588      0x148 binaries/xsh_tftp.o
                                        0x174 (size before relaxing)
 .eh_frame      0x000000000012f6d0       0xcc binaries/xsh_tsetjmp.o
                                         0xf8 (size before relaxing)
 .eh_frame      0x000000000012f79c       0x2c binaries/xsh_udpdump.o
                                         0x58 (size before relaxing)
 .eh_frame      0x000000000012f7c8       0x30 binaries/xsh_udpecho.o
                                         0x5c (size before relaxing)
 .eh_frame      0x000000000012f7f8       0x30 binaries/xsh_udpeserver.o
                                         0x5c (size before relaxing)
 .eh_frame      0x000000000012f828       0x2c binaries/xsh_uptime.o
                                         0x58 (size before relaxing)

.iplt           0x000000000012f854        0x0
 .iplt          0x000000000012f854        0x0 binaries/start.o

.rel.dyn        0x000000000012f854        0x0
 .rel.got       0x000000000012f854        0x0 binaries/start.o
 .rel.iplt      0x000000000012f854        0x0 binaries/start.o
 .rel.text      0x000000000012f854        0x0 binaries/start.o

.data           0x000000000012f860     0x17a0
                0x000000000012f860                data = ABSOLUTE (.)
 *(.data .data.*)
 .data          0x000000000012f860      0x86a binaries/start.o
                0x000000000012f860                gdt
                0x000000000012f8c0                idt
                0x00000000001300c6                cpudelay
 .data          0x00000000001300ca        0x0 binaries/ascdate.o
 *fill*         0x00000000001300ca       0x16 
 .data.rel.local
                0x00000000001300e0       0x88 binaries/ascdate.o
                0x00000000001300e0                Date
 .data          0x0000000000130168        0x0 binaries/bufinit.o
 .data          0x0000000000130168        0x0 binaries/chprio.o
 .data          0x0000000000130168        0x4 binaries/clkhandler.o
 .data          0x000000000013016c        0x0 binaries/clkinit.o
 .data          0x000000000013016c        0x0 binaries/close.o
 .data          0x000000000013016c        0x0 binaries/conf.o
 *fill*         0x000000000013016c       0x14 
 .data.rel      0x0000000000130180      0x5dc binaries/conf.o
                0x0000000000130180                devtab
 .data          0x000000000013075c        0x0 binaries/control.o
 .data          0x000000000013075c        0x4 binaries/create.o
 .data          0x0000000000130760        0x0 binaries/early_imr.o
 .data          0x0000000000130760        0x0 binaries/evec.o
 .data.rel.local
                0x0000000000130760       0x40 binaries/evec.o
                0x0000000000130760                inames
 .data          0x00000000001307a0        0x0 binaries/exit.o
 .data          0x00000000001307a0        0x0 binaries/freebuf.o
 .data          0x00000000001307a0        0x0 binaries/freemem.o
 .data          0x00000000001307a0        0x0 binaries/fsdirlock.o
 .data          0x00000000001307a0        0x0 binaries/fsmetrics.o
 .data          0x00000000001307a0        0x0 binaries/fsworker.o
 .data          0x00000000001307a0        0x0 binaries/getbuf.o
 .data          0x00000000001307a0        0x0 binaries/getc.o
 .data          0x00000000001307a0        0x0 binaries/getdev.o
 .data          0x00000000001307a0        0x0 binaries/getitem.o
 .data          0x00000000001307a0        0x0 binaries/getmem.o
 .data          0x00000000001307a0        0x0 binaries/getpid.o
 .data          0x00000000001307a0        0x0 binaries/getprio.o
 .data          0x00000000001307a0        0x0 binaries/getstk.o
 .data          0x00000000001307a0        0x0 binaries/gettime.o
 .data          0x00000000001307a0        0x0 binaries/getutime.o
 .data          0x00000000001307a0        0x0 binaries/init.o
 .data          0x00000000001307a0        0x0 binaries/initialize.o
 .data          0x00000000001307a0        0x0 binaries/insert.o
 .data          0x00000000001307a0        0x0 binaries/insertd.o
 .data          0x00000000001307a0        0x0 binaries/ioerr.o
 .data          0x00000000001307a0        0x0 binaries/ionull.o
 .data          0x00000000001307a0        0x0 binaries/kill.o
 .data          0x00000000001307a0        0x0 binaries/kprintf.o
 .data          0x00000000001307a0        0x0 binaries/main.o
 .data          0x00000000001307a0        0x0 binaries/mark.o
 .data          0x00000000001307a0       0x78 binaries/meminit.o
                0x00000000001307a0                bootsign
                0x00000000001307a4                bootinfo
                0x00000000001307c0                gdt_copy
 .data          0x0000000000130818        0x0 binaries/mkbufpool.o
 .data          0x0000000000130818        0x0 binaries/netup.o
 .data          0x0000000000130818        0x2 binaries/newqueue.o
 .data          0x000000000013081a        0x0 binaries/open.o
 .data          0x000000000013081a        0x0 binaries/panic.o
 .data          0x000000000013081a        0x0 binaries/pci.o
 .data          0x000000000013081a        0x0 binaries/platinit.o
 .data          0x000000000013081a        0x0 binaries/ptclear.o
 .data          0x000000000013081a        0x0 binaries/ptcount.o
 .data          0x000000000013081a        0x0 binaries/ptcreate.o
 .data          0x000000000013081a        0x0 binaries/ptdelete.o
 .data          0x000000000013081a        0x0 binaries/ptinit.o
 .data          0x000000000013081a        0x0 binaries/ptrecv.o
 .data          0x000000000013081a        0x0 binaries/ptreset.o
 .data          0x000000000013081a        0x0 binaries/ptsend.o
 .data          0x000000000013081a        0x0 binaries/putc.o
 .data          0x000000000013081a        0x0 binaries/quark_irq.o
 .data          0x000000000013081a        0x0 binaries/quark_pdat.o
 .data          0x000000000013081a        0x0 binaries/queue.o
 .data          0x000000000013081a        0x0 binaries/read.o
 .data          0x000000000013081a        0x0 binaries/ready.o
 .data          0x000000000013081a        0x0 binaries/receive.o
 .data          0x000000000013081a        0x0 binaries/recvclr.o
 .data          0x000000000013081a        0x0 binaries/recvtime.o
 .data          0x000000000013081a        0x0 binaries/remove.o
 .data          0x000000000013081a        0x0 binaries/rename.o
 .data          0x000000000013081a        0x0 binaries/resched.o
 .data          0x000000000013081a        0x0 binaries/resume.o
 .data          0x000000000013081a        0x0 binaries/seek.o
 .data          0x000000000013081a        0x0 binaries/semcount.o
 .data          0x000000000013081a        0x0 binaries/semcreate.o
 .data          0x000000000013081a        0x0 binaries/semdelete.o
 .data          0x000000000013081a        0x0 binaries/semreset.o
 .data          0x000000000013081a        0x0 binaries/send.o
 .data          0x000000000013081a        0x0 binaries/showmema.o
 .data          0x000000000013081a        0x0 binaries/signal.o